This is pdfTeX, Version 3.141592653-2.6-1.40.25 (MiKTeX 24.1) (preloaded format=pdflatex 2025.9.18)  19 OCT 2025 00:03
entering extended mode
 restricted \write18 enabled.
 %&-line parsing enabled.
**./Week_3_v2.tex
(Week_3_v2.tex
LaTeX2e <2023-11-01> patch level 1
L3 programming layer <2024-01-04>

(C:\Users\Enrique A. Raudales\AppData\Local\Programs\MiKTeX\tex/latex/base\arti
cle.cls
Document Class: article 2023/05/17 v1.4n Standard LaTeX document class

(C:\Users\Enrique A. Raudales\AppData\Local\Programs\MiKTeX\tex/latex/base\size
12.clo
File: size12.clo 2023/05/17 v1.4n Standard LaTeX file (size option)
)
\c@part=\count187
\c@section=\count188
\c@subsection=\count189
\c@subsubsection=\count190
\c@paragraph=\count191
\c@subparagraph=\count192
\c@figure=\count193
\c@table=\count194
\abovecaptionskip=\skip48
\belowcaptionskip=\skip49
\bibindent=\dimen140
)
(C:\Users\Enrique A. Raudales\AppData\Local\Programs\MiKTeX\tex/latex/base\inpu
tenc.sty
Package: inputenc 2021/02/14 v1.3d Input encoding file
\inpenc@prehook=\toks17
\inpenc@posthook=\toks18
)
(C:\Users\Enrique A. Raudales\AppData\Local\Programs\MiKTeX\tex/generic/babel\b
abel.sty
Package: babel 2024/01/07 v24.1 The Babel package
\babel@savecnt=\count195
\U@D=\dimen141
\l@unhyphenated=\language79

(C:\Users\Enrique A. Raudales\AppData\Local\Programs\MiKTeX\tex/generic/babel\t
xtbabel.def)
\bbl@readstream=\read2
\bbl@dirlevel=\count196

*************************************
* Local config file bblopts.cfg used
*

(C:\Users\Enrique A. Raudales\AppData\Local\Programs\MiKTeX\tex/latex/arabi\bbl
opts.cfg
File: bblopts.cfg 2005/09/08 v0.1 add Arabic and Farsi to "declared" options of
 babel
)
(C:\Users\Enrique A. Raudales\AppData\Local\Programs\MiKTeX\tex/latex/babel-eng
lish\english.ldf
Language: english 2017/06/06 v3.3r English support from the babel system
Package babel Info: Hyphen rules for 'canadian' set to \l@english
(babel)             (\language0). Reported on input line 102.
Package babel Info: Hyphen rules for 'australian' set to \l@ukenglish
(babel)             (\language73). Reported on input line 105.
Package babel Info: Hyphen rules for 'newzealand' set to \l@ukenglish
(babel)             (\language73). Reported on input line 108.
))
(C:\Users\Enrique A. Raudales\AppData\Local\Programs\MiKTeX\tex/generic/babel/l
ocale/en\babel-english.tex
Package babel Info: Importing font and identification data for english
(babel)             from babel-en.ini. Reported on input line 11.
)
(C:\Users\Enrique A. Raudales\AppData\Local\Programs\MiKTeX\tex/latex/geometry\
geometry.sty
Package: geometry 2020/01/02 v5.9 Page Geometry

(C:\Users\Enrique A. Raudales\AppData\Local\Programs\MiKTeX\tex/latex/graphics\
keyval.sty
Package: keyval 2022/05/29 v1.15 key=value parser (DPC)
\KV@toks@=\toks19
)
(C:\Users\Enrique A. Raudales\AppData\Local\Programs\MiKTeX\tex/generic/iftex\i
fvtex.sty
Package: ifvtex 2019/10/25 v1.7 ifvtex legacy package. Use iftex instead.

(C:\Users\Enrique A. Raudales\AppData\Local\Programs\MiKTeX\tex/generic/iftex\i
ftex.sty
Package: iftex 2022/02/03 v1.0f TeX engine tests
))
\Gm@cnth=\count197
\Gm@cntv=\count198
\c@Gm@tempcnt=\count199
\Gm@bindingoffset=\dimen142
\Gm@wd@mp=\dimen143
\Gm@odd@mp=\dimen144
\Gm@even@mp=\dimen145
\Gm@layoutwidth=\dimen146
\Gm@layoutheight=\dimen147
\Gm@layouthoffset=\dimen148
\Gm@layoutvoffset=\dimen149
\Gm@dimlist=\toks20

(C:\Users\Enrique A. Raudales\AppData\Local\Programs\MiKTeX\tex/latex/geometry\
geometry.cfg))
(C:\Users\Enrique A. Raudales\AppData\Local\Programs\MiKTeX\tex/latex/graphics\
graphicx.sty
Package: graphicx 2021/09/16 v1.2d Enhanced LaTeX Graphics (DPC,SPQR)

(C:\Users\Enrique A. Raudales\AppData\Local\Programs\MiKTeX\tex/latex/graphics\
graphics.sty
Package: graphics 2022/03/10 v1.4e Standard LaTeX Graphics (DPC,SPQR)

(C:\Users\Enrique A. Raudales\AppData\Local\Programs\MiKTeX\tex/latex/graphics\
trig.sty
Package: trig 2021/08/11 v1.11 sin cos tan (DPC)
)
(C:\Users\Enrique A. Raudales\AppData\Local\Programs\MiKTeX\tex/latex/graphics-
cfg\graphics.cfg
File: graphics.cfg 2016/06/04 v1.11 sample graphics configuration
)
Package graphics Info: Driver file: pdftex.def on input line 107.

(C:\Users\Enrique A. Raudales\AppData\Local\Programs\MiKTeX\tex/latex/graphics-
def\pdftex.def
File: pdftex.def 2022/09/22 v1.2b Graphics/color driver for pdftex
))
\Gin@req@height=\dimen150
\Gin@req@width=\dimen151
)
(C:\Users\Enrique A. Raudales\AppData\Local\Programs\MiKTeX\tex/latex/amsmath\a
msmath.sty
Package: amsmath 2023/05/13 v2.17o AMS math features
\@mathmargin=\skip50

For additional information on amsmath, use the `?' option.

(C:\Users\Enrique A. Raudales\AppData\Local\Programs\MiKTeX\tex/latex/amsmath\a
mstext.sty
Package: amstext 2021/08/26 v2.01 AMS text

(C:\Users\Enrique A. Raudales\AppData\Local\Programs\MiKTeX\tex/latex/amsmath\a
msgen.sty
File: amsgen.sty 1999/11/30 v2.0 generic functions
\@emptytoks=\toks21
\ex@=\dimen152
))
(C:\Users\Enrique A. Raudales\AppData\Local\Programs\MiKTeX\tex/latex/amsmath\a
msbsy.sty
Package: amsbsy 1999/11/29 v1.2d Bold Symbols
\pmbraise@=\dimen153
)
(C:\Users\Enrique A. Raudales\AppData\Local\Programs\MiKTeX\tex/latex/amsmath\a
msopn.sty
Package: amsopn 2022/04/08 v2.04 operator names
)
\inf@bad=\count266
LaTeX Info: Redefining \frac on input line 234.
\uproot@=\count267
\leftroot@=\count268
LaTeX Info: Redefining \overline on input line 399.
LaTeX Info: Redefining \colon on input line 410.
\classnum@=\count269
\DOTSCASE@=\count270
LaTeX Info: Redefining \ldots on input line 496.
LaTeX Info: Redefining \dots on input line 499.
LaTeX Info: Redefining \cdots on input line 620.
\Mathstrutbox@=\box51
\strutbox@=\box52
LaTeX Info: Redefining \big on input line 722.
LaTeX Info: Redefining \Big on input line 723.
LaTeX Info: Redefining \bigg on input line 724.
LaTeX Info: Redefining \Bigg on input line 725.
\big@size=\dimen154
LaTeX Font Info:    Redeclaring font encoding OML on input line 743.
LaTeX Font Info:    Redeclaring font encoding OMS on input line 744.
\macc@depth=\count271
LaTeX Info: Redefining \bmod on input line 905.
LaTeX Info: Redefining \pmod on input line 910.
LaTeX Info: Redefining \smash on input line 940.
LaTeX Info: Redefining \relbar on input line 970.
LaTeX Info: Redefining \Relbar on input line 971.
\c@MaxMatrixCols=\count272
\dotsspace@=\muskip16
\c@parentequation=\count273
\dspbrk@lvl=\count274
\tag@help=\toks22
\row@=\count275
\column@=\count276
\maxfields@=\count277
\andhelp@=\toks23
\eqnshift@=\dimen155
\alignsep@=\dimen156
\tagshift@=\dimen157
\tagwidth@=\dimen158
\totwidth@=\dimen159
\lineht@=\dimen160
\@envbody=\toks24
\multlinegap=\skip51
\multlinetaggap=\skip52
\mathdisplay@stack=\toks25
LaTeX Info: Redefining \[ on input line 2953.
LaTeX Info: Redefining \] on input line 2954.
)
(C:\Users\Enrique A. Raudales\AppData\Local\Programs\MiKTeX\tex/latex/pgf/front
endlayer\tikz.sty
(C:\Users\Enrique A. Raudales\AppData\Local\Programs\MiKTeX\tex/latex/pgf/basic
layer\pgf.sty
(C:\Users\Enrique A. Raudales\AppData\Local\Programs\MiKTeX\tex/latex/pgf/utili
ties\pgfrcs.sty
(C:\Users\Enrique A. Raudales\AppData\Local\Programs\MiKTeX\tex/generic/pgf/uti
lities\pgfutil-common.tex
\pgfutil@everybye=\toks26
\pgfutil@tempdima=\dimen161
\pgfutil@tempdimb=\dimen162
)
(C:\Users\Enrique A. Raudales\AppData\Local\Programs\MiKTeX\tex/generic/pgf/uti
lities\pgfutil-latex.def
\pgfutil@abb=\box53
)
(C:\Users\Enrique A. Raudales\AppData\Local\Programs\MiKTeX\tex/generic/pgf/uti
lities\pgfrcs.code.tex
(C:\Users\Enrique A. Raudales\AppData\Local\Programs\MiKTeX\tex/generic/pgf\pgf
.revision.tex)
Package: pgfrcs 2023-01-15 v3.1.10 (3.1.10)
))
Package: pgf 2023-01-15 v3.1.10 (3.1.10)

(C:\Users\Enrique A. Raudales\AppData\Local\Programs\MiKTeX\tex/latex/pgf/basic
layer\pgfcore.sty
(C:\Users\Enrique A. Raudales\AppData\Local\Programs\MiKTeX\tex/latex/pgf/syste
mlayer\pgfsys.sty
(C:\Users\Enrique A. Raudales\AppData\Local\Programs\MiKTeX\tex/generic/pgf/sys
temlayer\pgfsys.code.tex
Package: pgfsys 2023-01-15 v3.1.10 (3.1.10)

(C:\Users\Enrique A. Raudales\AppData\Local\Programs\MiKTeX\tex/generic/pgf/uti
lities\pgfkeys.code.tex
\pgfkeys@pathtoks=\toks27
\pgfkeys@temptoks=\toks28

(C:\Users\Enrique A. Raudales\AppData\Local\Programs\MiKTeX\tex/generic/pgf/uti
lities\pgfkeyslibraryfiltered.code.tex
\pgfkeys@tmptoks=\toks29
))
\pgf@x=\dimen163
\pgf@y=\dimen164
\pgf@xa=\dimen165
\pgf@ya=\dimen166
\pgf@xb=\dimen167
\pgf@yb=\dimen168
\pgf@xc=\dimen169
\pgf@yc=\dimen170
\pgf@xd=\dimen171
\pgf@yd=\dimen172
\w@pgf@writea=\write3
\r@pgf@reada=\read3
\c@pgf@counta=\count278
\c@pgf@countb=\count279
\c@pgf@countc=\count280
\c@pgf@countd=\count281
\t@pgf@toka=\toks30
\t@pgf@tokb=\toks31
\t@pgf@tokc=\toks32
\pgf@sys@id@count=\count282

(C:\Users\Enrique A. Raudales\AppData\Local\Programs\MiKTeX\tex/generic/pgf/sys
temlayer\pgf.cfg
File: pgf.cfg 2023-01-15 v3.1.10 (3.1.10)
)
Driver file for pgf: pgfsys-pdftex.def

(C:\Users\Enrique A. Raudales\AppData\Local\Programs\MiKTeX\tex/generic/pgf/sys
temlayer\pgfsys-pdftex.def
File: pgfsys-pdftex.def 2023-01-15 v3.1.10 (3.1.10)

(C:\Users\Enrique A. Raudales\AppData\Local\Programs\MiKTeX\tex/generic/pgf/sys
temlayer\pgfsys-common-pdf.def
File: pgfsys-common-pdf.def 2023-01-15 v3.1.10 (3.1.10)
)))
(C:\Users\Enrique A. Raudales\AppData\Local\Programs\MiKTeX\tex/generic/pgf/sys
temlayer\pgfsyssoftpath.code.tex
File: pgfsyssoftpath.code.tex 2023-01-15 v3.1.10 (3.1.10)
\pgfsyssoftpath@smallbuffer@items=\count283
\pgfsyssoftpath@bigbuffer@items=\count284
)
(C:\Users\Enrique A. Raudales\AppData\Local\Programs\MiKTeX\tex/generic/pgf/sys
temlayer\pgfsysprotocol.code.tex
File: pgfsysprotocol.code.tex 2023-01-15 v3.1.10 (3.1.10)
))
(C:\Users\Enrique A. Raudales\AppData\Local\Programs\MiKTeX\tex/latex/xcolor\xc
olor.sty
Package: xcolor 2023/11/15 v3.01 LaTeX color extensions (UK)

(C:\Users\Enrique A. Raudales\AppData\Local\Programs\MiKTeX\tex/latex/graphics-
cfg\color.cfg
File: color.cfg 2016/01/02 v1.6 sample color configuration
)
Package xcolor Info: Driver file: pdftex.def on input line 274.

(C:\Users\Enrique A. Raudales\AppData\Local\Programs\MiKTeX\tex/latex/graphics\
mathcolor.ltx)
Package xcolor Info: Model `cmy' substituted by `cmy0' on input line 1350.
Package xcolor Info: Model `hsb' substituted by `rgb' on input line 1354.
Package xcolor Info: Model `RGB' extended on input line 1366.
Package xcolor Info: Model `HTML' substituted by `rgb' on input line 1368.
Package xcolor Info: Model `Hsb' substituted by `hsb' on input line 1369.
Package xcolor Info: Model `tHsb' substituted by `hsb' on input line 1370.
Package xcolor Info: Model `HSB' substituted by `hsb' on input line 1371.
Package xcolor Info: Model `Gray' substituted by `gray' on input line 1372.
Package xcolor Info: Model `wave' substituted by `hsb' on input line 1373.
)
(C:\Users\Enrique A. Raudales\AppData\Local\Programs\MiKTeX\tex/generic/pgf/bas
iclayer\pgfcore.code.tex
Package: pgfcore 2023-01-15 v3.1.10 (3.1.10)

(C:\Users\Enrique A. Raudales\AppData\Local\Programs\MiKTeX\tex/generic/pgf/mat
h\pgfmath.code.tex
(C:\Users\Enrique A. Raudales\AppData\Local\Programs\MiKTeX\tex/generic/pgf/mat
h\pgfmathutil.code.tex)
(C:\Users\Enrique A. Raudales\AppData\Local\Programs\MiKTeX\tex/generic/pgf/mat
h\pgfmathparser.code.tex
\pgfmath@dimen=\dimen173
\pgfmath@count=\count285
\pgfmath@box=\box54
\pgfmath@toks=\toks33
\pgfmath@stack@operand=\toks34
\pgfmath@stack@operation=\toks35
)
(C:\Users\Enrique A. Raudales\AppData\Local\Programs\MiKTeX\tex/generic/pgf/mat
h\pgfmathfunctions.code.tex)
(C:\Users\Enrique A. Raudales\AppData\Local\Programs\MiKTeX\tex/generic/pgf/mat
h\pgfmathfunctions.basic.code.tex)
(C:\Users\Enrique A. Raudales\AppData\Local\Programs\MiKTeX\tex/generic/pgf/mat
h\pgfmathfunctions.trigonometric.code.tex)
(C:\Users\Enrique A. Raudales\AppData\Local\Programs\MiKTeX\tex/generic/pgf/mat
h\pgfmathfunctions.random.code.tex)
(C:\Users\Enrique A. Raudales\AppData\Local\Programs\MiKTeX\tex/generic/pgf/mat
h\pgfmathfunctions.comparison.code.tex)
(C:\Users\Enrique A. Raudales\AppData\Local\Programs\MiKTeX\tex/generic/pgf/mat
h\pgfmathfunctions.base.code.tex)
(C:\Users\Enrique A. Raudales\AppData\Local\Programs\MiKTeX\tex/generic/pgf/mat
h\pgfmathfunctions.round.code.tex)
(C:\Users\Enrique A. Raudales\AppData\Local\Programs\MiKTeX\tex/generic/pgf/mat
h\pgfmathfunctions.misc.code.tex)
(C:\Users\Enrique A. Raudales\AppData\Local\Programs\MiKTeX\tex/generic/pgf/mat
h\pgfmathfunctions.integerarithmetics.code.tex)
(C:\Users\Enrique A. Raudales\AppData\Local\Programs\MiKTeX\tex/generic/pgf/mat
h\pgfmathcalc.code.tex)
(C:\Users\Enrique A. Raudales\AppData\Local\Programs\MiKTeX\tex/generic/pgf/mat
h\pgfmathfloat.code.tex
\c@pgfmathroundto@lastzeros=\count286
))
(C:\Users\Enrique A. Raudales\AppData\Local\Programs\MiKTeX\tex/generic/pgf/mat
h\pgfint.code.tex)
(C:\Users\Enrique A. Raudales\AppData\Local\Programs\MiKTeX\tex/generic/pgf/bas
iclayer\pgfcorepoints.code.tex
File: pgfcorepoints.code.tex 2023-01-15 v3.1.10 (3.1.10)
\pgf@picminx=\dimen174
\pgf@picmaxx=\dimen175
\pgf@picminy=\dimen176
\pgf@picmaxy=\dimen177
\pgf@pathminx=\dimen178
\pgf@pathmaxx=\dimen179
\pgf@pathminy=\dimen180
\pgf@pathmaxy=\dimen181
\pgf@xx=\dimen182
\pgf@xy=\dimen183
\pgf@yx=\dimen184
\pgf@yy=\dimen185
\pgf@zx=\dimen186
\pgf@zy=\dimen187
)
(C:\Users\Enrique A. Raudales\AppData\Local\Programs\MiKTeX\tex/generic/pgf/bas
iclayer\pgfcorepathconstruct.code.tex
File: pgfcorepathconstruct.code.tex 2023-01-15 v3.1.10 (3.1.10)
\pgf@path@lastx=\dimen188
\pgf@path@lasty=\dimen189
)
(C:\Users\Enrique A. Raudales\AppData\Local\Programs\MiKTeX\tex/generic/pgf/bas
iclayer\pgfcorepathusage.code.tex
File: pgfcorepathusage.code.tex 2023-01-15 v3.1.10 (3.1.10)
\pgf@shorten@end@additional=\dimen190
\pgf@shorten@start@additional=\dimen191
)
(C:\Users\Enrique A. Raudales\AppData\Local\Programs\MiKTeX\tex/generic/pgf/bas
iclayer\pgfcorescopes.code.tex
File: pgfcorescopes.code.tex 2023-01-15 v3.1.10 (3.1.10)
\pgfpic=\box55
\pgf@hbox=\box56
\pgf@layerbox@main=\box57
\pgf@picture@serial@count=\count287
)
(C:\Users\Enrique A. Raudales\AppData\Local\Programs\MiKTeX\tex/generic/pgf/bas
iclayer\pgfcoregraphicstate.code.tex
File: pgfcoregraphicstate.code.tex 2023-01-15 v3.1.10 (3.1.10)
\pgflinewidth=\dimen192
)
(C:\Users\Enrique A. Raudales\AppData\Local\Programs\MiKTeX\tex/generic/pgf/bas
iclayer\pgfcoretransformations.code.tex
File: pgfcoretransformations.code.tex 2023-01-15 v3.1.10 (3.1.10)
\pgf@pt@x=\dimen193
\pgf@pt@y=\dimen194
\pgf@pt@temp=\dimen195
)
(C:\Users\Enrique A. Raudales\AppData\Local\Programs\MiKTeX\tex/generic/pgf/bas
iclayer\pgfcorequick.code.tex
File: pgfcorequick.code.tex 2023-01-15 v3.1.10 (3.1.10)
)
(C:\Users\Enrique A. Raudales\AppData\Local\Programs\MiKTeX\tex/generic/pgf/bas
iclayer\pgfcoreobjects.code.tex
File: pgfcoreobjects.code.tex 2023-01-15 v3.1.10 (3.1.10)
)
(C:\Users\Enrique A. Raudales\AppData\Local\Programs\MiKTeX\tex/generic/pgf/bas
iclayer\pgfcorepathprocessing.code.tex
File: pgfcorepathprocessing.code.tex 2023-01-15 v3.1.10 (3.1.10)
)
(C:\Users\Enrique A. Raudales\AppData\Local\Programs\MiKTeX\tex/generic/pgf/bas
iclayer\pgfcorearrows.code.tex
File: pgfcorearrows.code.tex 2023-01-15 v3.1.10 (3.1.10)
\pgfarrowsep=\dimen196
)
(C:\Users\Enrique A. Raudales\AppData\Local\Programs\MiKTeX\tex/generic/pgf/bas
iclayer\pgfcoreshade.code.tex
File: pgfcoreshade.code.tex 2023-01-15 v3.1.10 (3.1.10)
\pgf@max=\dimen197
\pgf@sys@shading@range@num=\count288
\pgf@shadingcount=\count289
)
(C:\Users\Enrique A. Raudales\AppData\Local\Programs\MiKTeX\tex/generic/pgf/bas
iclayer\pgfcoreimage.code.tex
File: pgfcoreimage.code.tex 2023-01-15 v3.1.10 (3.1.10)
)
(C:\Users\Enrique A. Raudales\AppData\Local\Programs\MiKTeX\tex/generic/pgf/bas
iclayer\pgfcoreexternal.code.tex
File: pgfcoreexternal.code.tex 2023-01-15 v3.1.10 (3.1.10)
\pgfexternal@startupbox=\box58
)
(C:\Users\Enrique A. Raudales\AppData\Local\Programs\MiKTeX\tex/generic/pgf/bas
iclayer\pgfcorelayers.code.tex
File: pgfcorelayers.code.tex 2023-01-15 v3.1.10 (3.1.10)
)
(C:\Users\Enrique A. Raudales\AppData\Local\Programs\MiKTeX\tex/generic/pgf/bas
iclayer\pgfcoretransparency.code.tex
File: pgfcoretransparency.code.tex 2023-01-15 v3.1.10 (3.1.10)
)
(C:\Users\Enrique A. Raudales\AppData\Local\Programs\MiKTeX\tex/generic/pgf/bas
iclayer\pgfcorepatterns.code.tex
File: pgfcorepatterns.code.tex 2023-01-15 v3.1.10 (3.1.10)
)
(C:\Users\Enrique A. Raudales\AppData\Local\Programs\MiKTeX\tex/generic/pgf/bas
iclayer\pgfcorerdf.code.tex
File: pgfcorerdf.code.tex 2023-01-15 v3.1.10 (3.1.10)
)))
(C:\Users\Enrique A. Raudales\AppData\Local\Programs\MiKTeX\tex/generic/pgf/mod
ules\pgfmoduleshapes.code.tex
File: pgfmoduleshapes.code.tex 2023-01-15 v3.1.10 (3.1.10)
\pgfnodeparttextbox=\box59
)
(C:\Users\Enrique A. Raudales\AppData\Local\Programs\MiKTeX\tex/generic/pgf/mod
ules\pgfmoduleplot.code.tex
File: pgfmoduleplot.code.tex 2023-01-15 v3.1.10 (3.1.10)
)
(C:\Users\Enrique A. Raudales\AppData\Local\Programs\MiKTeX\tex/latex/pgf/compa
tibility\pgfcomp-version-0-65.sty
Package: pgfcomp-version-0-65 2023-01-15 v3.1.10 (3.1.10)
\pgf@nodesepstart=\dimen198
\pgf@nodesepend=\dimen199
)
(C:\Users\Enrique A. Raudales\AppData\Local\Programs\MiKTeX\tex/latex/pgf/compa
tibility\pgfcomp-version-1-18.sty
Package: pgfcomp-version-1-18 2023-01-15 v3.1.10 (3.1.10)
))
(C:\Users\Enrique A. Raudales\AppData\Local\Programs\MiKTeX\tex/latex/pgf/utili
ties\pgffor.sty
(C:\Users\Enrique A. Raudales\AppData\Local\Programs\MiKTeX\tex/latex/pgf/utili
ties\pgfkeys.sty
(C:\Users\Enrique A. Raudales\AppData\Local\Programs\MiKTeX\tex/generic/pgf/uti
lities\pgfkeys.code.tex))
(C:\Users\Enrique A. Raudales\AppData\Local\Programs\MiKTeX\tex/latex/pgf/math\
pgfmath.sty
(C:\Users\Enrique A. Raudales\AppData\Local\Programs\MiKTeX\tex/generic/pgf/mat
h\pgfmath.code.tex))
(C:\Users\Enrique A. Raudales\AppData\Local\Programs\MiKTeX\tex/generic/pgf/uti
lities\pgffor.code.tex
Package: pgffor 2023-01-15 v3.1.10 (3.1.10)
\pgffor@iter=\dimen256
\pgffor@skip=\dimen257
\pgffor@stack=\toks36
\pgffor@toks=\toks37
))
(C:\Users\Enrique A. Raudales\AppData\Local\Programs\MiKTeX\tex/generic/pgf/fro
ntendlayer/tikz\tikz.code.tex
Package: tikz 2023-01-15 v3.1.10 (3.1.10)

(C:\Users\Enrique A. Raudales\AppData\Local\Programs\MiKTeX\tex/generic/pgf/lib
raries\pgflibraryplothandlers.code.tex
File: pgflibraryplothandlers.code.tex 2023-01-15 v3.1.10 (3.1.10)
\pgf@plot@mark@count=\count290
\pgfplotmarksize=\dimen258
)
\tikz@lastx=\dimen259
\tikz@lasty=\dimen260
\tikz@lastxsaved=\dimen261
\tikz@lastysaved=\dimen262
\tikz@lastmovetox=\dimen263
\tikz@lastmovetoy=\dimen264
\tikzleveldistance=\dimen265
\tikzsiblingdistance=\dimen266
\tikz@figbox=\box60
\tikz@figbox@bg=\box61
\tikz@tempbox=\box62
\tikz@tempbox@bg=\box63
\tikztreelevel=\count291
\tikznumberofchildren=\count292
\tikznumberofcurrentchild=\count293
\tikz@fig@count=\count294

(C:\Users\Enrique A. Raudales\AppData\Local\Programs\MiKTeX\tex/generic/pgf/mod
ules\pgfmodulematrix.code.tex
File: pgfmodulematrix.code.tex 2023-01-15 v3.1.10 (3.1.10)
\pgfmatrixcurrentrow=\count295
\pgfmatrixcurrentcolumn=\count296
\pgf@matrix@numberofcolumns=\count297
)
\tikz@expandcount=\count298

(C:\Users\Enrique A. Raudales\AppData\Local\Programs\MiKTeX\tex/generic/pgf/fro
ntendlayer/tikz/libraries\tikzlibrarytopaths.code.tex
File: tikzlibrarytopaths.code.tex 2023-01-15 v3.1.10 (3.1.10)
)))
(C:\Users\Enrique A. Raudales\AppData\Local\Programs\MiKTeX\tex/latex/pgfplots\
pgfplots.sty
(C:\Users\Enrique A. Raudales\AppData\Local\Programs\MiKTeX\tex/generic/pgfplot
s\pgfplots.revision.tex)
Package: pgfplots 2021/05/15 v1.18.1 Data Visualization (1.18.1)

(C:\Users\Enrique A. Raudales\AppData\Local\Programs\MiKTeX\tex/generic/pgfplot
s\pgfplots.code.tex
(C:\Users\Enrique A. Raudales\AppData\Local\Programs\MiKTeX\tex/generic/pgfplot
s\pgfplotscore.code.tex
\t@pgfplots@toka=\toks38
\t@pgfplots@tokb=\toks39
\t@pgfplots@tokc=\toks40
\pgfplots@tmpa=\dimen267
\c@pgfplots@coordindex=\count299
\c@pgfplots@scanlineindex=\count300

(C:\Users\Enrique A. Raudales\AppData\Local\Programs\MiKTeX\tex/generic/pgfplot
s/sys\pgfplotssysgeneric.code.tex))
(C:\Users\Enrique A. Raudales\AppData\Local\Programs\MiKTeX\tex/generic/pgfplot
s/libs\pgfplotslibrary.code.tex)
(C:\Users\Enrique A. Raudales\AppData\Local\Programs\MiKTeX\tex/generic/pgfplot
s/oldpgfcompatib\pgfplotsoldpgfsupp_loader.code.tex
(C:\Users\Enrique A. Raudales\AppData\Local\Programs\MiKTeX\tex/generic/pgf/lib
raries\pgflibraryfpu.code.tex)
Package pgfplots: loading complementary utilities for your pgf version...
\t@pgf@toka=\toks41
\t@pgf@tokb=\toks42
\t@pgf@tokc=\toks43

(C:\Users\Enrique A. Raudales\AppData\Local\Programs\MiKTeX\tex/generic/pgfplot
s/oldpgfcompatib\pgfplotsoldpgfsupp_pgfutil-common-lists.tex))
(C:\Users\Enrique A. Raudales\AppData\Local\Programs\MiKTeX\tex/generic/pgfplot
s/util\pgfplotsutil.code.tex
(C:\Users\Enrique A. Raudales\AppData\Local\Programs\MiKTeX\tex/generic/pgfplot
s/liststructure\pgfplotsliststructure.code.tex)
(C:\Users\Enrique A. Raudales\AppData\Local\Programs\MiKTeX\tex/generic/pgfplot
s/liststructure\pgfplotsliststructureext.code.tex)
(C:\Users\Enrique A. Raudales\AppData\Local\Programs\MiKTeX\tex/generic/pgfplot
s/liststructure\pgfplotsarray.code.tex
\c@pgfplotsarray@tmp=\count301
)
(C:\Users\Enrique A. Raudales\AppData\Local\Programs\MiKTeX\tex/generic/pgfplot
s/liststructure\pgfplotsmatrix.code.tex)
(C:\Users\Enrique A. Raudales\AppData\Local\Programs\MiKTeX\tex/generic/pgfplot
s/numtable\pgfplotstableshared.code.tex
\c@pgfplotstable@counta=\count302
\t@pgfplotstable@a=\toks44
)
(C:\Users\Enrique A. Raudales\AppData\Local\Programs\MiKTeX\tex/generic/pgfplot
s/liststructure\pgfplotsdeque.code.tex)
(C:\Users\Enrique A. Raudales\AppData\Local\Programs\MiKTeX\tex/generic/pgfplot
s/util\pgfplotsbinary.code.tex
(C:\Users\Enrique A. Raudales\AppData\Local\Programs\MiKTeX\tex/generic/pgfplot
s/util\pgfplotsbinary.data.code.tex))
(C:\Users\Enrique A. Raudales\AppData\Local\Programs\MiKTeX\tex/generic/pgfplot
s/util\pgfplotsutil.verb.code.tex)
(C:\Users\Enrique A. Raudales\AppData\Local\Programs\MiKTeX\tex/generic/pgfplot
s/libs\pgflibrarypgfplots.surfshading.code.tex
\c@pgfplotslibrarysurf@no=\count303

(C:\Users\Enrique A. Raudales\AppData\Local\Programs\MiKTeX\tex/generic/pgfplot
s/sys\pgflibrarypgfplots.surfshading.pgfsys-pdftex.def)))
(C:\Users\Enrique A. Raudales\AppData\Local\Programs\MiKTeX\tex/generic/pgfplot
s/util\pgfplotscolormap.code.tex
(C:\Users\Enrique A. Raudales\AppData\Local\Programs\MiKTeX\tex/generic/pgfplot
s/util\pgfplotscolor.code.tex))
(C:\Users\Enrique A. Raudales\AppData\Local\Programs\MiKTeX\tex/generic/pgfplot
s\pgfplotsstackedplots.code.tex)
(C:\Users\Enrique A. Raudales\AppData\Local\Programs\MiKTeX\tex/generic/pgfplot
s\pgfplotsplothandlers.code.tex
(C:\Users\Enrique A. Raudales\AppData\Local\Programs\MiKTeX\tex/generic/pgfplot
s\pgfplotsmeshplothandler.code.tex
(C:\Users\Enrique A. Raudales\AppData\Local\Programs\MiKTeX\tex/generic/pgfplot
s\pgfplotsmeshplotimage.code.tex)))
(C:\Users\Enrique A. Raudales\AppData\Local\Programs\MiKTeX\tex/generic/pgfplot
s\pgfplots.scaling.code.tex)
(C:\Users\Enrique A. Raudales\AppData\Local\Programs\MiKTeX\tex/generic/pgfplot
s\pgfplotscoordprocessing.code.tex)
(C:\Users\Enrique A. Raudales\AppData\Local\Programs\MiKTeX\tex/generic/pgfplot
s\pgfplots.errorbars.code.tex)
(C:\Users\Enrique A. Raudales\AppData\Local\Programs\MiKTeX\tex/generic/pgfplot
s\pgfplots.markers.code.tex)
(C:\Users\Enrique A. Raudales\AppData\Local\Programs\MiKTeX\tex/generic/pgfplot
s\pgfplotsticks.code.tex)
(C:\Users\Enrique A. Raudales\AppData\Local\Programs\MiKTeX\tex/generic/pgfplot
s\pgfplots.paths.code.tex)
(C:\Users\Enrique A. Raudales\AppData\Local\Programs\MiKTeX\tex/generic/pgf/fro
ntendlayer/tikz/libraries\tikzlibrarydecorations.code.tex
(C:\Users\Enrique A. Raudales\AppData\Local\Programs\MiKTeX\tex/generic/pgf/mod
ules\pgfmoduledecorations.code.tex
\pgfdecoratedcompleteddistance=\dimen268
\pgfdecoratedremainingdistance=\dimen269
\pgfdecoratedinputsegmentcompleteddistance=\dimen270
\pgfdecoratedinputsegmentremainingdistance=\dimen271
\pgf@decorate@distancetomove=\dimen272
\pgf@decorate@repeatstate=\count304
\pgfdecorationsegmentamplitude=\dimen273
\pgfdecorationsegmentlength=\dimen274
)
\tikz@lib@dec@box=\box64
)
(C:\Users\Enrique A. Raudales\AppData\Local\Programs\MiKTeX\tex/generic/pgf/fro
ntendlayer/tikz/libraries\tikzlibrarydecorations.pathmorphing.code.tex
(C:\Users\Enrique A. Raudales\AppData\Local\Programs\MiKTeX\tex/generic/pgf/lib
raries/decorations\pgflibrarydecorations.pathmorphing.code.tex))
(C:\Users\Enrique A. Raudales\AppData\Local\Programs\MiKTeX\tex/generic/pgf/fro
ntendlayer/tikz/libraries\tikzlibrarydecorations.pathreplacing.code.tex
(C:\Users\Enrique A. Raudales\AppData\Local\Programs\MiKTeX\tex/generic/pgf/lib
raries/decorations\pgflibrarydecorations.pathreplacing.code.tex))
(C:\Users\Enrique A. Raudales\AppData\Local\Programs\MiKTeX\tex/generic/pgfplot
s/libs\tikzlibrarypgfplots.contourlua.code.tex)
\pgfplots@numplots=\count305
\pgfplots@xmin@reg=\dimen275
\pgfplots@xmax@reg=\dimen276
\pgfplots@ymin@reg=\dimen277
\pgfplots@ymax@reg=\dimen278
\pgfplots@zmin@reg=\dimen279
\pgfplots@zmax@reg=\dimen280
)
(C:\Users\Enrique A. Raudales\AppData\Local\Programs\MiKTeX\tex/generic/pgf/fro
ntendlayer/tikz/libraries\tikzlibraryplotmarks.code.tex
File: tikzlibraryplotmarks.code.tex 2023-01-15 v3.1.10 (3.1.10)

(C:\Users\Enrique A. Raudales\AppData\Local\Programs\MiKTeX\tex/generic/pgf/lib
raries\pgflibraryplotmarks.code.tex
File: pgflibraryplotmarks.code.tex 2023-01-15 v3.1.10 (3.1.10)
)))
(C:\Users\Enrique A. Raudales\AppData\Local\Programs\MiKTeX\tex/latex/hyperref\
hyperref.sty
Package: hyperref 2023-11-26 v7.01g Hypertext links for LaTeX

(C:\Users\Enrique A. Raudales\AppData\Local\Programs\MiKTeX\tex/generic/infware
rr\infwarerr.sty
Package: infwarerr 2019/12/03 v1.5 Providing info/warning/error messages (HO)
)
(C:\Users\Enrique A. Raudales\AppData\Local\Programs\MiKTeX\tex/latex/kvsetkeys
\kvsetkeys.sty
Package: kvsetkeys 2022-10-05 v1.19 Key value parser (HO)
)
(C:\Users\Enrique A. Raudales\AppData\Local\Programs\MiKTeX\tex/generic/kvdefin
ekeys\kvdefinekeys.sty
Package: kvdefinekeys 2019-12-19 v1.6 Define keys (HO)
)
(C:\Users\Enrique A. Raudales\AppData\Local\Programs\MiKTeX\tex/generic/pdfesca
pe\pdfescape.sty
Package: pdfescape 2019/12/09 v1.15 Implements pdfTeX's escape features (HO)

(C:\Users\Enrique A. Raudales\AppData\Local\Programs\MiKTeX\tex/generic/ltxcmds
\ltxcmds.sty
Package: ltxcmds 2023-12-04 v1.26 LaTeX kernel commands for general use (HO)
)
(C:\Users\Enrique A. Raudales\AppData\Local\Programs\MiKTeX\tex/generic/pdftexc
mds\pdftexcmds.sty
Package: pdftexcmds 2020-06-27 v0.33 Utility functions of pdfTeX for LuaTeX (HO
)
Package pdftexcmds Info: \pdf@primitive is available.
Package pdftexcmds Info: \pdf@ifprimitive is available.
Package pdftexcmds Info: \pdfdraftmode found.
))
(C:\Users\Enrique A. Raudales\AppData\Local\Programs\MiKTeX\tex/latex/hycolor\h
ycolor.sty
Package: hycolor 2020-01-27 v1.10 Color options for hyperref/bookmark (HO)
)
(C:\Users\Enrique A. Raudales\AppData\Local\Programs\MiKTeX\tex/latex/letltxmac
ro\letltxmacro.sty
Package: letltxmacro 2019/12/03 v1.6 Let assignment for LaTeX macros (HO)
)
(C:\Users\Enrique A. Raudales\AppData\Local\Programs\MiKTeX\tex/latex/auxhook\a
uxhook.sty
Package: auxhook 2019-12-17 v1.6 Hooks for auxiliary files (HO)
)
(C:\Users\Enrique A. Raudales\AppData\Local\Programs\MiKTeX\tex/latex/hyperref\
nameref.sty
Package: nameref 2023-11-26 v2.56 Cross-referencing by name of section

(C:\Users\Enrique A. Raudales\AppData\Local\Programs\MiKTeX\tex/latex/refcount\
refcount.sty
Package: refcount 2019/12/15 v3.6 Data extraction from label references (HO)
)
(C:\Users\Enrique A. Raudales\AppData\Local\Programs\MiKTeX\tex/generic/gettitl
estring\gettitlestring.sty
Package: gettitlestring 2019/12/15 v1.6 Cleanup title references (HO)

(C:\Users\Enrique A. Raudales\AppData\Local\Programs\MiKTeX\tex/latex/kvoptions
\kvoptions.sty
Package: kvoptions 2022-06-15 v3.15 Key value format for package options (HO)
))
\c@section@level=\count306
)
(C:\Users\Enrique A. Raudales\AppData\Local\Programs\MiKTeX\tex/latex/etoolbox\
etoolbox.sty
Package: etoolbox 2020/10/05 v2.5k e-TeX tools for LaTeX (JAW)
\etb@tempcnta=\count307
)
\@linkdim=\dimen281
\Hy@linkcounter=\count308
\Hy@pagecounter=\count309

(C:\Users\Enrique A. Raudales\AppData\Local\Programs\MiKTeX\tex/latex/hyperref\
pd1enc.def
File: pd1enc.def 2023-11-26 v7.01g Hyperref: PDFDocEncoding definition (HO)
Now handling font encoding PD1 ...
... no UTF-8 mapping file for font encoding PD1
)
(C:\Users\Enrique A. Raudales\AppData\Local\Programs\MiKTeX\tex/generic/intcalc
\intcalc.sty
Package: intcalc 2019/12/15 v1.3 Expandable calculations with integers (HO)
)
\Hy@SavedSpaceFactor=\count310

(C:\Users\Enrique A. Raudales\AppData\Local\Programs\MiKTeX\tex/latex/hyperref\
puenc.def
File: puenc.def 2023-11-26 v7.01g Hyperref: PDF Unicode definition (HO)
Now handling font encoding PU ...
... no UTF-8 mapping file for font encoding PU
)
Package hyperref Info: Hyper figures OFF on input line 4181.
Package hyperref Info: Link nesting OFF on input line 4186.
Package hyperref Info: Hyper index ON on input line 4189.
Package hyperref Info: Plain pages OFF on input line 4196.
Package hyperref Info: Backreferencing OFF on input line 4201.
Package hyperref Info: Implicit mode ON; LaTeX internals redefined.
Package hyperref Info: Bookmarks ON on input line 4448.
\c@Hy@tempcnt=\count311

(C:\Users\Enrique A. Raudales\AppData\Local\Programs\MiKTeX\tex/latex/url\url.s
ty
\Urlmuskip=\muskip17
Package: url 2013/09/16  ver 3.4  Verb mode for urls, etc.
)
LaTeX Info: Redefining \url on input line 4786.
\XeTeXLinkMargin=\dimen282

(C:\Users\Enrique A. Raudales\AppData\Local\Programs\MiKTeX\tex/generic/bitset\
bitset.sty
Package: bitset 2019/12/09 v1.3 Handle bit-vector datatype (HO)

(C:\Users\Enrique A. Raudales\AppData\Local\Programs\MiKTeX\tex/generic/bigintc
alc\bigintcalc.sty
Package: bigintcalc 2019/12/15 v1.5 Expandable calculations on big integers (HO
)
))
\Fld@menulength=\count312
\Field@Width=\dimen283
\Fld@charsize=\dimen284
Package hyperref Info: Hyper figures OFF on input line 6065.
Package hyperref Info: Link nesting OFF on input line 6070.
Package hyperref Info: Hyper index ON on input line 6073.
Package hyperref Info: backreferencing OFF on input line 6080.
Package hyperref Info: Link coloring OFF on input line 6085.
Package hyperref Info: Link coloring with OCG OFF on input line 6090.
Package hyperref Info: PDF/A mode OFF on input line 6095.

(C:\Users\Enrique A. Raudales\AppData\Local\Programs\MiKTeX\tex/latex/base\atbe
gshi-ltx.sty
Package: atbegshi-ltx 2021/01/10 v1.0c Emulation of the original atbegshi
package with kernel methods
)
\Hy@abspage=\count313
\c@Item=\count314
\c@Hfootnote=\count315
)
Package hyperref Info: Driver (autodetected): hpdftex.

(C:\Users\Enrique A. Raudales\AppData\Local\Programs\MiKTeX\tex/latex/hyperref\
hpdftex.def
File: hpdftex.def 2023-11-26 v7.01g Hyperref driver for pdfTeX

(C:\Users\Enrique A. Raudales\AppData\Local\Programs\MiKTeX\tex/latex/base\atve
ryend-ltx.sty
Package: atveryend-ltx 2020/08/19 v1.0a Emulation of the original atveryend pac
kage
with kernel methods
)
\Fld@listcount=\count316
\c@bookmark@seq@number=\count317

(C:\Users\Enrique A. Raudales\AppData\Local\Programs\MiKTeX\tex/latex/rerunfile
check\rerunfilecheck.sty
Package: rerunfilecheck 2025-06-21 v1.11 Rerun checks for auxiliary files (HO)

(C:\Users\Enrique A. Raudales\AppData\Local\Programs\MiKTeX\tex/generic/uniquec
ounter\uniquecounter.sty
Package: uniquecounter 2019/12/15 v1.4 Provide unlimited unique counter (HO)
)
Package uniquecounter Info: New unique counter `rerunfilecheck' on input line 2
84.
)
\Hy@SectionHShift=\skip53
)
(C:\Users\Enrique A. Raudales\AppData\Local\Programs\MiKTeX\tex/latex/fancyhdr\
fancyhdr.sty
Package: fancyhdr 2025/02/07 v5.2 Extensive control of page headers and footers

\f@nch@headwidth=\skip54
\f@nch@offset@elh=\skip55
\f@nch@offset@erh=\skip56
\f@nch@offset@olh=\skip57
\f@nch@offset@orh=\skip58
\f@nch@offset@elf=\skip59
\f@nch@offset@erf=\skip60
\f@nch@offset@olf=\skip61
\f@nch@offset@orf=\skip62
\f@nch@height=\skip63
\f@nch@footalignment=\skip64
\f@nch@widthL=\skip65
\f@nch@widthC=\skip66
\f@nch@widthR=\skip67
\@temptokenb=\toks45
)
(C:\Users\Enrique A. Raudales\AppData\Local\Programs\MiKTeX\tex/latex/booktabs\
booktabs.sty
Package: booktabs 2020/01/12 v1.61803398 Publication quality tables
\heavyrulewidth=\dimen285
\lightrulewidth=\dimen286
\cmidrulewidth=\dimen287
\belowrulesep=\dimen288
\belowbottomsep=\dimen289
\aboverulesep=\dimen290
\abovetopsep=\dimen291
\cmidrulesep=\dimen292
\cmidrulekern=\dimen293
\defaultaddspace=\dimen294
\@cmidla=\count318
\@cmidlb=\count319
\@aboverulesep=\dimen295
\@belowrulesep=\dimen296
\@thisruleclass=\count320
\@lastruleclass=\count321
\@thisrulewidth=\dimen297
)
(C:\Users\Enrique A. Raudales\AppData\Local\Programs\MiKTeX\tex/latex/listings\
listings.sty
\lst@mode=\count322
\lst@gtempboxa=\box65
\lst@token=\toks46
\lst@length=\count323
\lst@currlwidth=\dimen298
\lst@column=\count324
\lst@pos=\count325
\lst@lostspace=\dimen299
\lst@width=\dimen300
\lst@newlines=\count326
\lst@lineno=\count327
\lst@maxwidth=\dimen301

(C:\Users\Enrique A. Raudales\AppData\Local\Programs\MiKTeX\tex/latex/listings\
lstmisc.sty
File: lstmisc.sty 2023/02/27 1.9 (Carsten Heinz)
\c@lstnumber=\count328
\lst@skipnumbers=\count329
\lst@framebox=\box66
)
(C:\Users\Enrique A. Raudales\AppData\Local\Programs\MiKTeX\tex/latex/listings\
listings.cfg
File: listings.cfg 2023/02/27 1.9 listings configuration
))
Package: listings 2023/02/27 1.9 (Carsten Heinz)

(C:\Users\Enrique A. Raudales\AppData\Local\Programs\MiKTeX\tex/generic/pgf/fro
ntendlayer/tikz/libraries\tikzlibraryshapes.geometric.code.tex
File: tikzlibraryshapes.geometric.code.tex 2023-01-15 v3.1.10 (3.1.10)

(C:\Users\Enrique A. Raudales\AppData\Local\Programs\MiKTeX\tex/generic/pgf/lib
raries/shapes\pgflibraryshapes.geometric.code.tex
File: pgflibraryshapes.geometric.code.tex 2023-01-15 v3.1.10 (3.1.10)
))
(C:\Users\Enrique A. Raudales\AppData\Local\Programs\MiKTeX\tex/generic/pgf/lib
raries\pgflibraryarrows.meta.code.tex
File: pgflibraryarrows.meta.code.tex 2023-01-15 v3.1.10 (3.1.10)
\pgfarrowinset=\dimen302
\pgfarrowlength=\dimen303
\pgfarrowwidth=\dimen304
\pgfarrowlinewidth=\dimen305
)
(C:\Users\Enrique A. Raudales\AppData\Local\Programs\MiKTeX\tex/generic/pgf/fro
ntendlayer/tikz/libraries\tikzlibrarypositioning.code.tex
File: tikzlibrarypositioning.code.tex 2023-01-15 v3.1.10 (3.1.10)
)
(C:\Users\Enrique A. Raudales\AppData\Local\Programs\MiKTeX\tex/generic/pgf/fro
ntendlayer/tikz/libraries\tikzlibrarycalc.code.tex
File: tikzlibrarycalc.code.tex 2023-01-15 v3.1.10 (3.1.10)
)
(C:\Users\Enrique A. Raudales\AppData\Local\Programs\MiKTeX\tex/latex/l3backend
\l3backend-pdftex.def
File: l3backend-pdftex.def 2024-01-04 L3 backend support: PDF output (pdfTeX)
\l__color_backend_stack_int=\count330
\l__pdf_internal_box=\box67
) (Week_3_v2.aux)
\openout1 = `Week_3_v2.aux'.

LaTeX Font Info:    Checking defaults for OML/cmm/m/it on input line 69.
LaTeX Font Info:    ... okay on input line 69.
LaTeX Font Info:    Checking defaults for OMS/cmsy/m/n on input line 69.
LaTeX Font Info:    ... okay on input line 69.
LaTeX Font Info:    Checking defaults for OT1/cmr/m/n on input line 69.
LaTeX Font Info:    ... okay on input line 69.
LaTeX Font Info:    Checking defaults for T1/cmr/m/n on input line 69.
LaTeX Font Info:    ... okay on input line 69.
LaTeX Font Info:    Checking defaults for TS1/cmr/m/n on input line 69.
LaTeX Font Info:    ... okay on input line 69.
LaTeX Font Info:    Checking defaults for OMX/cmex/m/n on input line 69.
LaTeX Font Info:    ... okay on input line 69.
LaTeX Font Info:    Checking defaults for U/cmr/m/n on input line 69.
LaTeX Font Info:    ... okay on input line 69.
LaTeX Font Info:    Checking defaults for PD1/pdf/m/n on input line 69.
LaTeX Font Info:    ... okay on input line 69.
LaTeX Font Info:    Checking defaults for PU/pdf/m/n on input line 69.
LaTeX Font Info:    ... okay on input line 69.

*geometry* driver: auto-detecting
*geometry* detected driver: pdftex
*geometry* verbose mode - [ preamble ] result:
* driver: pdftex
* paper: a4paper
* layout: <same size as paper>
* layoutoffset:(h,v)=(0.0pt,0.0pt)
* modes: 
* h-part:(L,W,R)=(71.13188pt, 455.24411pt, 71.13188pt)
* v-part:(T,H,B)=(71.13188pt, 702.78308pt, 71.13188pt)
* \paperwidth=597.50787pt
* \paperheight=845.04684pt
* \textwidth=455.24411pt
* \textheight=702.78308pt
* \oddsidemargin=-1.1381pt
* \evensidemargin=-1.1381pt
* \topmargin=-38.1381pt
* \headheight=12.0pt
* \headsep=25.0pt
* \topskip=12.0pt
* \footskip=30.0pt
* \marginparwidth=35.0pt
* \marginparsep=10.0pt
* \columnsep=10.0pt
* \skip\footins=10.8pt plus 4.0pt minus 2.0pt
* \hoffset=0.0pt
* \voffset=0.0pt
* \mag=1000
* \@twocolumnfalse
* \@twosidefalse
* \@mparswitchfalse
* \@reversemarginfalse
* (1in=72.27pt=25.4mm, 1cm=28.453pt)


(C:\Users\Enrique A. Raudales\AppData\Local\Programs\MiKTeX\tex/context/base/mk
ii\supp-pdf.mkii
[Loading MPS to PDF converter (version 2006.09.02).]
\scratchcounter=\count331
\scratchdimen=\dimen306
\scratchbox=\box68
\nofMPsegments=\count332
\nofMParguments=\count333
\everyMPshowfont=\toks47
\MPscratchCnt=\count334
\MPscratchDim=\dimen307
\MPnumerator=\count335
\makeMPintoPDFobject=\count336
\everyMPtoPDFconversion=\toks48
)
(C:\Users\Enrique A. Raudales\AppData\Local\Programs\MiKTeX\tex/latex/epstopdf-
pkg\epstopdf-base.sty
Package: epstopdf-base 2020-01-24 v2.11 Base part for package epstopdf
Package epstopdf-base Info: Redefining graphics rule for `.eps' on input line 4
85.

(C:\Users\Enrique A. Raudales\AppData\Local\Programs\MiKTeX\tex/latex/00miktex\
epstopdf-sys.cfg
File: epstopdf-sys.cfg 2021/03/18 v2.0 Configuration of epstopdf for MiKTeX
))
Package pgfplots notification 'compat/show suggested version=true': document ha
s been generated with the most recent feature set (\pgfplotsset{compat=1.18}).

Package hyperref Info: Link coloring OFF on input line 69.
(Week_3_v2.out) (Week_3_v2.out)
\@outlinefile=\write4
\openout4 = `Week_3_v2.out'.

\c@lstlisting=\count337
 [1

{C:/Users/Enrique A. Raudales/AppData/Local/MiKTeX/fonts/map/pdftex/pdftex.map}
] (Week_3_v2.toc)
\tf@toc=\write5
\openout5 = `Week_3_v2.toc'.


pdfTeX warning (ext4): destination with the same identifier (name{page.1}) has 
been already used, duplicate ignored
<to be read again> 
                   \relax 
l.81 \newpage
              [1]

Package fancyhdr Warning: \headheight is too small (12.0pt): 
(fancyhdr)                Make it at least 14.49998pt, for example:
(fancyhdr)                \setlength{\headheight}{14.49998pt}.
(fancyhdr)                You might also make \topmargin smaller:
(fancyhdr)                \addtolength{\topmargin}{-2.49998pt}.

[2]

Package fancyhdr Warning: \headheight is too small (12.0pt): 
(fancyhdr)                Make it at least 14.49998pt, for example:
(fancyhdr)                \setlength{\headheight}{14.49998pt}.
(fancyhdr)                You might also make \topmargin smaller:
(fancyhdr)                \addtolength{\topmargin}{-2.49998pt}.

[3]

Package fancyhdr Warning: \headheight is too small (12.0pt): 
(fancyhdr)                Make it at least 14.49998pt, for example:
(fancyhdr)                \setlength{\headheight}{14.49998pt}.
(fancyhdr)                You might also make \topmargin smaller:
(fancyhdr)                \addtolength{\topmargin}{-2.49998pt}.

[4]
Package pgfplots info on input line 350: Using 'lua backend=false' for axis: x 
coord trafo unsupported.
Package pgfplots info on input line 375: Using 'lua backend=false' for axis: x 
coord trafo unsupported.


Package fancyhdr Warning: \headheight is too small (12.0pt): 
(fancyhdr)                Make it at least 14.49998pt, for example:
(fancyhdr)                \setlength{\headheight}{14.49998pt}.
(fancyhdr)                You might also make \topmargin smaller:
(fancyhdr)                \addtolength{\topmargin}{-2.49998pt}.

[5]

Package fancyhdr Warning: \headheight is too small (12.0pt): 
(fancyhdr)                Make it at least 14.49998pt, for example:
(fancyhdr)                \setlength{\headheight}{14.49998pt}.
(fancyhdr)                You might also make \topmargin smaller:
(fancyhdr)                \addtolength{\topmargin}{-2.49998pt}.

[6]

Package fancyhdr Warning: \headheight is too small (12.0pt): 
(fancyhdr)                Make it at least 14.49998pt, for example:
(fancyhdr)                \setlength{\headheight}{14.49998pt}.
(fancyhdr)                You might also make \topmargin smaller:
(fancyhdr)                \addtolength{\topmargin}{-2.49998pt}.

[7]

Package fancyhdr Warning: \headheight is too small (12.0pt): 
(fancyhdr)                Make it at least 14.49998pt, for example:
(fancyhdr)                \setlength{\headheight}{14.49998pt}.
(fancyhdr)                You might also make \topmargin smaller:
(fancyhdr)                \addtolength{\topmargin}{-2.49998pt}.

[8]

Package fancyhdr Warning: \headheight is too small (12.0pt): 
(fancyhdr)                Make it at least 14.49998pt, for example:
(fancyhdr)                \setlength{\headheight}{14.49998pt}.
(fancyhdr)                You might also make \topmargin smaller:
(fancyhdr)                \addtolength{\topmargin}{-2.49998pt}.

[9]
(C:\Users\Enrique A. Raudales\AppData\Local\Programs\MiKTeX\tex/latex/listings\
lstlang1.sty
File: lstlang1.sty 2023/02/27 1.9 listings language file
)
Package hyperref Info: bookmark level for unknown lstlisting defaults to 0 on i
nput line 519.

Overfull \hbox (24.655pt too wide) in paragraph at lines 521--522
[][][][] 
 []


Overfull \hbox (24.655pt too wide) in paragraph at lines 523--524
[][][][] 
 []


Overfull \hbox (24.655pt too wide) in paragraph at lines 552--553
[][][][] 
 []


Overfull \hbox (24.655pt too wide) in paragraph at lines 554--555
[][][][] 
 []


Package fancyhdr Warning: \headheight is too small (12.0pt): 
(fancyhdr)                Make it at least 14.49998pt, for example:
(fancyhdr)                \setlength{\headheight}{14.49998pt}.
(fancyhdr)                You might also make \topmargin smaller:
(fancyhdr)                \addtolength{\topmargin}{-2.49998pt}.

[10]
Overfull \hbox (24.655pt too wide) in paragraph at lines 574--575
[][][][] 
 []


Overfull \hbox (24.655pt too wide) in paragraph at lines 576--577
[][][][] 
 []


Overfull \hbox (24.655pt too wide) in paragraph at lines 596--597
[][][][] 
 []


Overfull \hbox (24.655pt too wide) in paragraph at lines 598--599
[][][][] 
 []


Package fancyhdr Warning: \headheight is too small (12.0pt): 
(fancyhdr)                Make it at least 14.49998pt, for example:
(fancyhdr)                \setlength{\headheight}{14.49998pt}.
(fancyhdr)                You might also make \topmargin smaller:
(fancyhdr)                \addtolength{\topmargin}{-2.49998pt}.

[11]
Overfull \hbox (24.655pt too wide) in paragraph at lines 621--622
[][][][] 
 []


Overfull \hbox (24.655pt too wide) in paragraph at lines 623--624
[][][][] 
 []


Overfull \hbox (24.655pt too wide) in paragraph at lines 650--651
[][][][] 
 []


Overfull \hbox (24.655pt too wide) in paragraph at lines 652--653
[][][][] 
 []


Package fancyhdr Warning: \headheight is too small (12.0pt): 
(fancyhdr)                Make it at least 14.49998pt, for example:
(fancyhdr)                \setlength{\headheight}{14.49998pt}.
(fancyhdr)                You might also make \topmargin smaller:
(fancyhdr)                \addtolength{\topmargin}{-2.49998pt}.

[12]
Overfull \hbox (24.655pt too wide) in paragraph at lines 678--679
[][][][] 
 []


Overfull \hbox (24.655pt too wide) in paragraph at lines 680--681
[][][][] 
 []


Package fancyhdr Warning: \headheight is too small (12.0pt): 
(fancyhdr)                Make it at least 14.49998pt, for example:
(fancyhdr)                \setlength{\headheight}{14.49998pt}.
(fancyhdr)                You might also make \topmargin smaller:
(fancyhdr)                \addtolength{\topmargin}{-2.49998pt}.

[13]
Overfull \hbox (24.655pt too wide) in paragraph at lines 699--700
[][][][] 
 []


Overfull \hbox (24.655pt too wide) in paragraph at lines 701--702
[][][][] 
 []


Overfull \hbox (24.655pt too wide) in paragraph at lines 727--728
[][][][] 
 []


Overfull \hbox (24.655pt too wide) in paragraph at lines 729--730
[][][][] 
 []


Package fancyhdr Warning: \headheight is too small (12.0pt): 
(fancyhdr)                Make it at least 14.49998pt, for example:
(fancyhdr)                \setlength{\headheight}{14.49998pt}.
(fancyhdr)                You might also make \topmargin smaller:
(fancyhdr)                \addtolength{\topmargin}{-2.49998pt}.

[14]
Overfull \hbox (24.655pt too wide) in paragraph at lines 748--749
[][][][] 
 []


Overfull \hbox (24.655pt too wide) in paragraph at lines 750--751
[][][][] 
 []


Overfull \hbox (24.655pt too wide) in paragraph at lines 777--778
[][][][] 
 []


Overfull \hbox (24.655pt too wide) in paragraph at lines 779--780
[][][][] 
 []


Overfull \hbox (24.655pt too wide) in paragraph at lines 790--791
[][][][] 
 []


Package fancyhdr Warning: \headheight is too small (12.0pt): 
(fancyhdr)                Make it at least 14.49998pt, for example:
(fancyhdr)                \setlength{\headheight}{14.49998pt}.
(fancyhdr)                You might also make \topmargin smaller:
(fancyhdr)                \addtolength{\topmargin}{-2.49998pt}.

[15]
Overfull \hbox (24.655pt too wide) in paragraph at lines 792--793
[][][][] 
 []


Overfull \hbox (24.655pt too wide) in paragraph at lines 808--809
[][][][] 
 []


Overfull \hbox (24.655pt too wide) in paragraph at lines 810--811
[][][][] 
 []


Overfull \hbox (24.655pt too wide) in paragraph at lines 827--828
[][][][] 
 []


Overfull \hbox (24.655pt too wide) in paragraph at lines 829--830
[][][][] 
 []


Package fancyhdr Warning: \headheight is too small (12.0pt): 
(fancyhdr)                Make it at least 14.49998pt, for example:
(fancyhdr)                \setlength{\headheight}{14.49998pt}.
(fancyhdr)                You might also make \topmargin smaller:
(fancyhdr)                \addtolength{\topmargin}{-2.49998pt}.

[16]
Overfull \hbox (24.655pt too wide) in paragraph at lines 843--844
[][][][] 
 []


Overfull \hbox (24.655pt too wide) in paragraph at lines 845--846
[][][][] 
 []


Package fancyhdr Warning: \headheight is too small (12.0pt): 
(fancyhdr)                Make it at least 14.49998pt, for example:
(fancyhdr)                \setlength{\headheight}{14.49998pt}.
(fancyhdr)                You might also make \topmargin smaller:
(fancyhdr)                \addtolength{\topmargin}{-2.49998pt}.

[17] (Week_3_v2.aux)
 ***********
LaTeX2e <2023-11-01> patch level 1
L3 programming layer <2024-01-04>
 ***********
Package rerunfilecheck Info: File `Week_3_v2.out' has not changed.
(rerunfilecheck)             Checksum: BAA65E695587AEF9B232D190BBDEAF55;6725.
 ) 
Here is how much of TeX's memory you used:
 35862 strings out of 474485
 829110 string characters out of 5737090
 2261542 words of memory out of 5000000
 57254 multiletter control sequences out of 15000+600000
 565690 words of font info for 63 fonts, out of 8000000 for 9000
 1141 hyphenation exceptions out of 8191
 84i,19n,93p,728b,2332s stack positions out of 10000i,1000n,20000p,200000b,200000s
 <C:\Users\Enrique A. Raudales\AppData\Local\MiKTeX\fonts/pk/ljfour/jknappen/
ec/dpi600\tcrm1200.pk><C:/Users/Enrique A. Raudales/AppData/Local/Programs/MiKT
eX/fonts/type1/public/amsfonts/cm/cmbx12.pfb><C:/Users/Enrique A. Raudales/AppD
ata/Local/Programs/MiKTeX/fonts/type1/public/amsfonts/cm/cmmi12.pfb><C:/Users/E
nrique A. Raudales/AppData/Local/Programs/MiKTeX/fonts/type1/public/amsfonts/cm
/cmmi8.pfb><C:/Users/Enrique A. Raudales/AppData/Local/Programs/MiKTeX/fonts/ty
pe1/public/amsfonts/cm/cmr12.pfb><C:/Users/Enrique A. Raudales/AppData/Local/Pr
ograms/MiKTeX/fonts/type1/public/amsfonts/cm/cmr6.pfb><C:/Users/Enrique A. Raud
ales/AppData/Local/Programs/MiKTeX/fonts/type1/public/amsfonts/cm/cmr8.pfb><C:/
Users/Enrique A. Raudales/AppData/Local/Programs/MiKTeX/fonts/type1/public/amsf
onts/cm/cmsy10.pfb><C:/Users/Enrique A. Raudales/AppData/Local/Programs/MiKTeX/
fonts/type1/public/amsfonts/cm/cmsy8.pfb><C:/Users/Enrique A. Raudales/AppData/
Local/Programs/MiKTeX/fonts/type1/public/amsfonts/cm/cmti12.pfb><C:/Users/Enriq
ue A. Raudales/AppData/Local/Programs/MiKTeX/fonts/type1/public/amsfonts/cm/cmt
t10.pfb>
Output written on Week_3_v2.pdf (18 pages, 270347 bytes).
PDF statistics:
 712 PDF objects out of 1000 (max. 8388607)
 384 named destinations out of 1000 (max. 500000)
 269 words of extra memory for PDF output out of 10000 (max. 10000000)

