This is pdfTeX, Version 3.141592653-2.6-1.40.25 (MiKTeX 24.1) (preloaded format=pdflatex 2025.9.18)  18 OCT 2025 20:27
entering extended mode
 restricted \write18 enabled.
 %&-line parsing enabled.
**./week1_vrs4.tex
(week1_vrs4.tex
LaTeX2e <2023-11-01> patch level 1
L3 programming layer <2024-01-04>

(C:\Users\Enrique A. Raudales\AppData\Local\Programs\MiKTeX\tex/latex/standalon
e\standalone.cls
Document Class: standalone 2022/10/10 v1.3b Class to compile TeX sub-files stan
dalone

(C:\Users\Enrique A. Raudales\AppData\Local\Programs\MiKTeX\tex/latex/tools\she
llesc.sty
Package: shellesc 2023/07/08 v1.0d unified shell escape interface for LaTeX
Package shellesc Info: Restricted shell escape enabled on input line 77.
)
(C:\Users\Enrique A. Raudales\AppData\Local\Programs\MiKTeX\tex/generic/iftex\i
fluatex.sty
Package: ifluatex 2019/10/25 v1.5 ifluatex legacy package. Use iftex instead.

(C:\Users\Enrique A. Raudales\AppData\Local\Programs\MiKTeX\tex/generic/iftex\i
ftex.sty
Package: iftex 2022/02/03 v1.0f TeX engine tests
))
(C:\Users\Enrique A. Raudales\AppData\Local\Programs\MiKTeX\tex/latex/xkeyval\x
keyval.sty
Package: xkeyval 2022/06/16 v2.9 package option processing (HA)

(C:\Users\Enrique A. Raudales\AppData\Local\Programs\MiKTeX\tex/generic/xkeyval
\xkeyval.tex
(C:\Users\Enrique A. Raudales\AppData\Local\Programs\MiKTeX\tex/generic/xkeyval
\xkvutils.tex
\XKV@toks=\toks17
\XKV@tempa@toks=\toks18

(C:\Users\Enrique A. Raudales\AppData\Local\Programs\MiKTeX\tex/generic/xkeyval
\keyval.tex))
\XKV@depth=\count187
File: xkeyval.tex 2014/12/03 v2.7a key=value parser (HA)
))
\sa@internal=\count188
\c@sapage=\count189

(C:\Users\Enrique A. Raudales\AppData\Local\Programs\MiKTeX\tex/latex/standalon
e\standalone.cfg
File: standalone.cfg 2022/10/10 v1.3b Default configuration file for 'standalon
e' class
)
(C:\Users\Enrique A. Raudales\AppData\Local\Programs\MiKTeX\tex/latex/base\arti
cle.cls
Document Class: article 2023/05/17 v1.4n Standard LaTeX document class

(C:\Users\Enrique A. Raudales\AppData\Local\Programs\MiKTeX\tex/latex/base\size
10.clo
File: size10.clo 2023/05/17 v1.4n Standard LaTeX file (size option)
)
\c@part=\count190
\c@section=\count191
\c@subsection=\count192
\c@subsubsection=\count193
\c@paragraph=\count194
\c@subparagraph=\count195
\c@figure=\count196
\c@table=\count197
\abovecaptionskip=\skip48
\belowcaptionskip=\skip49
\bibindent=\dimen140
)
\sa@box=\box51
)
(C:\Users\Enrique A. Raudales\AppData\Local\Programs\MiKTeX\tex/latex/pgfplots\
pgfplots.sty
(C:\Users\Enrique A. Raudales\AppData\Local\Programs\MiKTeX\tex/generic/pgfplot
s\pgfplots.revision.tex)
Package: pgfplots 2021/05/15 v1.18.1 Data Visualization (1.18.1)

(C:\Users\Enrique A. Raudales\AppData\Local\Programs\MiKTeX\tex/latex/graphics\
graphicx.sty
Package: graphicx 2021/09/16 v1.2d Enhanced LaTeX Graphics (DPC,SPQR)

(C:\Users\Enrique A. Raudales\AppData\Local\Programs\MiKTeX\tex/latex/graphics\
graphics.sty
Package: graphics 2022/03/10 v1.4e Standard LaTeX Graphics (DPC,SPQR)

(C:\Users\Enrique A. Raudales\AppData\Local\Programs\MiKTeX\tex/latex/graphics\
trig.sty
Package: trig 2021/08/11 v1.11 sin cos tan (DPC)
)
(C:\Users\Enrique A. Raudales\AppData\Local\Programs\MiKTeX\tex/latex/graphics-
cfg\graphics.cfg
File: graphics.cfg 2016/06/04 v1.11 sample graphics configuration
)
Package graphics Info: Driver file: pdftex.def on input line 107.

(C:\Users\Enrique A. Raudales\AppData\Local\Programs\MiKTeX\tex/latex/graphics-
def\pdftex.def
File: pdftex.def 2022/09/22 v1.2b Graphics/color driver for pdftex
))
\Gin@req@height=\dimen141
\Gin@req@width=\dimen142
)
(C:\Users\Enrique A. Raudales\AppData\Local\Programs\MiKTeX\tex/latex/pgf/front
endlayer\tikz.sty
(C:\Users\Enrique A. Raudales\AppData\Local\Programs\MiKTeX\tex/latex/pgf/basic
layer\pgf.sty
(C:\Users\Enrique A. Raudales\AppData\Local\Programs\MiKTeX\tex/latex/pgf/utili
ties\pgfrcs.sty
(C:\Users\Enrique A. Raudales\AppData\Local\Programs\MiKTeX\tex/generic/pgf/uti
lities\pgfutil-common.tex
\pgfutil@everybye=\toks19
\pgfutil@tempdima=\dimen143
\pgfutil@tempdimb=\dimen144
)
(C:\Users\Enrique A. Raudales\AppData\Local\Programs\MiKTeX\tex/generic/pgf/uti
lities\pgfutil-latex.def
\pgfutil@abb=\box52
)
(C:\Users\Enrique A. Raudales\AppData\Local\Programs\MiKTeX\tex/generic/pgf/uti
lities\pgfrcs.code.tex
(C:\Users\Enrique A. Raudales\AppData\Local\Programs\MiKTeX\tex/generic/pgf\pgf
.revision.tex)
Package: pgfrcs 2023-01-15 v3.1.10 (3.1.10)
))
Package: pgf 2023-01-15 v3.1.10 (3.1.10)

(C:\Users\Enrique A. Raudales\AppData\Local\Programs\MiKTeX\tex/latex/pgf/basic
layer\pgfcore.sty
(C:\Users\Enrique A. Raudales\AppData\Local\Programs\MiKTeX\tex/latex/pgf/syste
mlayer\pgfsys.sty
(C:\Users\Enrique A. Raudales\AppData\Local\Programs\MiKTeX\tex/generic/pgf/sys
temlayer\pgfsys.code.tex
Package: pgfsys 2023-01-15 v3.1.10 (3.1.10)

(C:\Users\Enrique A. Raudales\AppData\Local\Programs\MiKTeX\tex/generic/pgf/uti
lities\pgfkeys.code.tex
\pgfkeys@pathtoks=\toks20
\pgfkeys@temptoks=\toks21

(C:\Users\Enrique A. Raudales\AppData\Local\Programs\MiKTeX\tex/generic/pgf/uti
lities\pgfkeyslibraryfiltered.code.tex
\pgfkeys@tmptoks=\toks22
))
\pgf@x=\dimen145
\pgf@y=\dimen146
\pgf@xa=\dimen147
\pgf@ya=\dimen148
\pgf@xb=\dimen149
\pgf@yb=\dimen150
\pgf@xc=\dimen151
\pgf@yc=\dimen152
\pgf@xd=\dimen153
\pgf@yd=\dimen154
\w@pgf@writea=\write3
\r@pgf@reada=\read2
\c@pgf@counta=\count198
\c@pgf@countb=\count199
\c@pgf@countc=\count266
\c@pgf@countd=\count267
\t@pgf@toka=\toks23
\t@pgf@tokb=\toks24
\t@pgf@tokc=\toks25
\pgf@sys@id@count=\count268

(C:\Users\Enrique A. Raudales\AppData\Local\Programs\MiKTeX\tex/generic/pgf/sys
temlayer\pgf.cfg
File: pgf.cfg 2023-01-15 v3.1.10 (3.1.10)
)
Driver file for pgf: pgfsys-pdftex.def

(C:\Users\Enrique A. Raudales\AppData\Local\Programs\MiKTeX\tex/generic/pgf/sys
temlayer\pgfsys-pdftex.def
File: pgfsys-pdftex.def 2023-01-15 v3.1.10 (3.1.10)

(C:\Users\Enrique A. Raudales\AppData\Local\Programs\MiKTeX\tex/generic/pgf/sys
temlayer\pgfsys-common-pdf.def
File: pgfsys-common-pdf.def 2023-01-15 v3.1.10 (3.1.10)
)))
(C:\Users\Enrique A. Raudales\AppData\Local\Programs\MiKTeX\tex/generic/pgf/sys
temlayer\pgfsyssoftpath.code.tex
File: pgfsyssoftpath.code.tex 2023-01-15 v3.1.10 (3.1.10)
\pgfsyssoftpath@smallbuffer@items=\count269
\pgfsyssoftpath@bigbuffer@items=\count270
)
(C:\Users\Enrique A. Raudales\AppData\Local\Programs\MiKTeX\tex/generic/pgf/sys
temlayer\pgfsysprotocol.code.tex
File: pgfsysprotocol.code.tex 2023-01-15 v3.1.10 (3.1.10)
))
(C:\Users\Enrique A. Raudales\AppData\Local\Programs\MiKTeX\tex/latex/xcolor\xc
olor.sty
Package: xcolor 2023/11/15 v3.01 LaTeX color extensions (UK)

(C:\Users\Enrique A. Raudales\AppData\Local\Programs\MiKTeX\tex/latex/graphics-
cfg\color.cfg
File: color.cfg 2016/01/02 v1.6 sample color configuration
)
Package xcolor Info: Driver file: pdftex.def on input line 274.

(C:\Users\Enrique A. Raudales\AppData\Local\Programs\MiKTeX\tex/latex/graphics\
mathcolor.ltx)
Package xcolor Info: Model `cmy' substituted by `cmy0' on input line 1350.
Package xcolor Info: Model `hsb' substituted by `rgb' on input line 1354.
Package xcolor Info: Model `RGB' extended on input line 1366.
Package xcolor Info: Model `HTML' substituted by `rgb' on input line 1368.
Package xcolor Info: Model `Hsb' substituted by `hsb' on input line 1369.
Package xcolor Info: Model `tHsb' substituted by `hsb' on input line 1370.
Package xcolor Info: Model `HSB' substituted by `hsb' on input line 1371.
Package xcolor Info: Model `Gray' substituted by `gray' on input line 1372.
Package xcolor Info: Model `wave' substituted by `hsb' on input line 1373.
)
(C:\Users\Enrique A. Raudales\AppData\Local\Programs\MiKTeX\tex/generic/pgf/bas
iclayer\pgfcore.code.tex
Package: pgfcore 2023-01-15 v3.1.10 (3.1.10)

(C:\Users\Enrique A. Raudales\AppData\Local\Programs\MiKTeX\tex/generic/pgf/mat
h\pgfmath.code.tex
(C:\Users\Enrique A. Raudales\AppData\Local\Programs\MiKTeX\tex/generic/pgf/mat
h\pgfmathutil.code.tex)
(C:\Users\Enrique A. Raudales\AppData\Local\Programs\MiKTeX\tex/generic/pgf/mat
h\pgfmathparser.code.tex
\pgfmath@dimen=\dimen155
\pgfmath@count=\count271
\pgfmath@box=\box53
\pgfmath@toks=\toks26
\pgfmath@stack@operand=\toks27
\pgfmath@stack@operation=\toks28
)
(C:\Users\Enrique A. Raudales\AppData\Local\Programs\MiKTeX\tex/generic/pgf/mat
h\pgfmathfunctions.code.tex)
(C:\Users\Enrique A. Raudales\AppData\Local\Programs\MiKTeX\tex/generic/pgf/mat
h\pgfmathfunctions.basic.code.tex)
(C:\Users\Enrique A. Raudales\AppData\Local\Programs\MiKTeX\tex/generic/pgf/mat
h\pgfmathfunctions.trigonometric.code.tex)
(C:\Users\Enrique A. Raudales\AppData\Local\Programs\MiKTeX\tex/generic/pgf/mat
h\pgfmathfunctions.random.code.tex)
(C:\Users\Enrique A. Raudales\AppData\Local\Programs\MiKTeX\tex/generic/pgf/mat
h\pgfmathfunctions.comparison.code.tex)
(C:\Users\Enrique A. Raudales\AppData\Local\Programs\MiKTeX\tex/generic/pgf/mat
h\pgfmathfunctions.base.code.tex)
(C:\Users\Enrique A. Raudales\AppData\Local\Programs\MiKTeX\tex/generic/pgf/mat
h\pgfmathfunctions.round.code.tex)
(C:\Users\Enrique A. Raudales\AppData\Local\Programs\MiKTeX\tex/generic/pgf/mat
h\pgfmathfunctions.misc.code.tex)
(C:\Users\Enrique A. Raudales\AppData\Local\Programs\MiKTeX\tex/generic/pgf/mat
h\pgfmathfunctions.integerarithmetics.code.tex)
(C:\Users\Enrique A. Raudales\AppData\Local\Programs\MiKTeX\tex/generic/pgf/mat
h\pgfmathcalc.code.tex)
(C:\Users\Enrique A. Raudales\AppData\Local\Programs\MiKTeX\tex/generic/pgf/mat
h\pgfmathfloat.code.tex
\c@pgfmathroundto@lastzeros=\count272
))
(C:\Users\Enrique A. Raudales\AppData\Local\Programs\MiKTeX\tex/generic/pgf/mat
h\pgfint.code.tex)
(C:\Users\Enrique A. Raudales\AppData\Local\Programs\MiKTeX\tex/generic/pgf/bas
iclayer\pgfcorepoints.code.tex
File: pgfcorepoints.code.tex 2023-01-15 v3.1.10 (3.1.10)
\pgf@picminx=\dimen156
\pgf@picmaxx=\dimen157
\pgf@picminy=\dimen158
\pgf@picmaxy=\dimen159
\pgf@pathminx=\dimen160
\pgf@pathmaxx=\dimen161
\pgf@pathminy=\dimen162
\pgf@pathmaxy=\dimen163
\pgf@xx=\dimen164
\pgf@xy=\dimen165
\pgf@yx=\dimen166
\pgf@yy=\dimen167
\pgf@zx=\dimen168
\pgf@zy=\dimen169
)
(C:\Users\Enrique A. Raudales\AppData\Local\Programs\MiKTeX\tex/generic/pgf/bas
iclayer\pgfcorepathconstruct.code.tex
File: pgfcorepathconstruct.code.tex 2023-01-15 v3.1.10 (3.1.10)
\pgf@path@lastx=\dimen170
\pgf@path@lasty=\dimen171
)
(C:\Users\Enrique A. Raudales\AppData\Local\Programs\MiKTeX\tex/generic/pgf/bas
iclayer\pgfcorepathusage.code.tex
File: pgfcorepathusage.code.tex 2023-01-15 v3.1.10 (3.1.10)
\pgf@shorten@end@additional=\dimen172
\pgf@shorten@start@additional=\dimen173
)
(C:\Users\Enrique A. Raudales\AppData\Local\Programs\MiKTeX\tex/generic/pgf/bas
iclayer\pgfcorescopes.code.tex
File: pgfcorescopes.code.tex 2023-01-15 v3.1.10 (3.1.10)
\pgfpic=\box54
\pgf@hbox=\box55
\pgf@layerbox@main=\box56
\pgf@picture@serial@count=\count273
)
(C:\Users\Enrique A. Raudales\AppData\Local\Programs\MiKTeX\tex/generic/pgf/bas
iclayer\pgfcoregraphicstate.code.tex
File: pgfcoregraphicstate.code.tex 2023-01-15 v3.1.10 (3.1.10)
\pgflinewidth=\dimen174
)
(C:\Users\Enrique A. Raudales\AppData\Local\Programs\MiKTeX\tex/generic/pgf/bas
iclayer\pgfcoretransformations.code.tex
File: pgfcoretransformations.code.tex 2023-01-15 v3.1.10 (3.1.10)
\pgf@pt@x=\dimen175
\pgf@pt@y=\dimen176
\pgf@pt@temp=\dimen177
)
(C:\Users\Enrique A. Raudales\AppData\Local\Programs\MiKTeX\tex/generic/pgf/bas
iclayer\pgfcorequick.code.tex
File: pgfcorequick.code.tex 2023-01-15 v3.1.10 (3.1.10)
)
(C:\Users\Enrique A. Raudales\AppData\Local\Programs\MiKTeX\tex/generic/pgf/bas
iclayer\pgfcoreobjects.code.tex
File: pgfcoreobjects.code.tex 2023-01-15 v3.1.10 (3.1.10)
)
(C:\Users\Enrique A. Raudales\AppData\Local\Programs\MiKTeX\tex/generic/pgf/bas
iclayer\pgfcorepathprocessing.code.tex
File: pgfcorepathprocessing.code.tex 2023-01-15 v3.1.10 (3.1.10)
)
(C:\Users\Enrique A. Raudales\AppData\Local\Programs\MiKTeX\tex/generic/pgf/bas
iclayer\pgfcorearrows.code.tex
File: pgfcorearrows.code.tex 2023-01-15 v3.1.10 (3.1.10)
\pgfarrowsep=\dimen178
)
(C:\Users\Enrique A. Raudales\AppData\Local\Programs\MiKTeX\tex/generic/pgf/bas
iclayer\pgfcoreshade.code.tex
File: pgfcoreshade.code.tex 2023-01-15 v3.1.10 (3.1.10)
\pgf@max=\dimen179
\pgf@sys@shading@range@num=\count274
\pgf@shadingcount=\count275
)
(C:\Users\Enrique A. Raudales\AppData\Local\Programs\MiKTeX\tex/generic/pgf/bas
iclayer\pgfcoreimage.code.tex
File: pgfcoreimage.code.tex 2023-01-15 v3.1.10 (3.1.10)
)
(C:\Users\Enrique A. Raudales\AppData\Local\Programs\MiKTeX\tex/generic/pgf/bas
iclayer\pgfcoreexternal.code.tex
File: pgfcoreexternal.code.tex 2023-01-15 v3.1.10 (3.1.10)
\pgfexternal@startupbox=\box57
)
(C:\Users\Enrique A. Raudales\AppData\Local\Programs\MiKTeX\tex/generic/pgf/bas
iclayer\pgfcorelayers.code.tex
File: pgfcorelayers.code.tex 2023-01-15 v3.1.10 (3.1.10)
)
(C:\Users\Enrique A. Raudales\AppData\Local\Programs\MiKTeX\tex/generic/pgf/bas
iclayer\pgfcoretransparency.code.tex
File: pgfcoretransparency.code.tex 2023-01-15 v3.1.10 (3.1.10)
)
(C:\Users\Enrique A. Raudales\AppData\Local\Programs\MiKTeX\tex/generic/pgf/bas
iclayer\pgfcorepatterns.code.tex
File: pgfcorepatterns.code.tex 2023-01-15 v3.1.10 (3.1.10)
)
(C:\Users\Enrique A. Raudales\AppData\Local\Programs\MiKTeX\tex/generic/pgf/bas
iclayer\pgfcorerdf.code.tex
File: pgfcorerdf.code.tex 2023-01-15 v3.1.10 (3.1.10)
)))
(C:\Users\Enrique A. Raudales\AppData\Local\Programs\MiKTeX\tex/generic/pgf/mod
ules\pgfmoduleshapes.code.tex
File: pgfmoduleshapes.code.tex 2023-01-15 v3.1.10 (3.1.10)
\pgfnodeparttextbox=\box58
)
(C:\Users\Enrique A. Raudales\AppData\Local\Programs\MiKTeX\tex/generic/pgf/mod
ules\pgfmoduleplot.code.tex
File: pgfmoduleplot.code.tex 2023-01-15 v3.1.10 (3.1.10)
)
(C:\Users\Enrique A. Raudales\AppData\Local\Programs\MiKTeX\tex/latex/pgf/compa
tibility\pgfcomp-version-0-65.sty
Package: pgfcomp-version-0-65 2023-01-15 v3.1.10 (3.1.10)
\pgf@nodesepstart=\dimen180
\pgf@nodesepend=\dimen181
)
(C:\Users\Enrique A. Raudales\AppData\Local\Programs\MiKTeX\tex/latex/pgf/compa
tibility\pgfcomp-version-1-18.sty
Package: pgfcomp-version-1-18 2023-01-15 v3.1.10 (3.1.10)
))
(C:\Users\Enrique A. Raudales\AppData\Local\Programs\MiKTeX\tex/latex/pgf/utili
ties\pgffor.sty
(C:\Users\Enrique A. Raudales\AppData\Local\Programs\MiKTeX\tex/latex/pgf/utili
ties\pgfkeys.sty
(C:\Users\Enrique A. Raudales\AppData\Local\Programs\MiKTeX\tex/generic/pgf/uti
lities\pgfkeys.code.tex))
(C:\Users\Enrique A. Raudales\AppData\Local\Programs\MiKTeX\tex/latex/pgf/math\
pgfmath.sty
(C:\Users\Enrique A. Raudales\AppData\Local\Programs\MiKTeX\tex/generic/pgf/mat
h\pgfmath.code.tex))
(C:\Users\Enrique A. Raudales\AppData\Local\Programs\MiKTeX\tex/generic/pgf/uti
lities\pgffor.code.tex
Package: pgffor 2023-01-15 v3.1.10 (3.1.10)
\pgffor@iter=\dimen182
\pgffor@skip=\dimen183
\pgffor@stack=\toks29
\pgffor@toks=\toks30
))
(C:\Users\Enrique A. Raudales\AppData\Local\Programs\MiKTeX\tex/generic/pgf/fro
ntendlayer/tikz\tikz.code.tex
Package: tikz 2023-01-15 v3.1.10 (3.1.10)

(C:\Users\Enrique A. Raudales\AppData\Local\Programs\MiKTeX\tex/generic/pgf/lib
raries\pgflibraryplothandlers.code.tex
File: pgflibraryplothandlers.code.tex 2023-01-15 v3.1.10 (3.1.10)
\pgf@plot@mark@count=\count276
\pgfplotmarksize=\dimen184
)
\tikz@lastx=\dimen185
\tikz@lasty=\dimen186
\tikz@lastxsaved=\dimen187
\tikz@lastysaved=\dimen188
\tikz@lastmovetox=\dimen189
\tikz@lastmovetoy=\dimen190
\tikzleveldistance=\dimen191
\tikzsiblingdistance=\dimen192
\tikz@figbox=\box59
\tikz@figbox@bg=\box60
\tikz@tempbox=\box61
\tikz@tempbox@bg=\box62
\tikztreelevel=\count277
\tikznumberofchildren=\count278
\tikznumberofcurrentchild=\count279
\tikz@fig@count=\count280

(C:\Users\Enrique A. Raudales\AppData\Local\Programs\MiKTeX\tex/generic/pgf/mod
ules\pgfmodulematrix.code.tex
File: pgfmodulematrix.code.tex 2023-01-15 v3.1.10 (3.1.10)
\pgfmatrixcurrentrow=\count281
\pgfmatrixcurrentcolumn=\count282
\pgf@matrix@numberofcolumns=\count283
)
\tikz@expandcount=\count284

(C:\Users\Enrique A. Raudales\AppData\Local\Programs\MiKTeX\tex/generic/pgf/fro
ntendlayer/tikz/libraries\tikzlibrarytopaths.code.tex
File: tikzlibrarytopaths.code.tex 2023-01-15 v3.1.10 (3.1.10)
)))
(C:\Users\Enrique A. Raudales\AppData\Local\Programs\MiKTeX\tex/generic/pgfplot
s\pgfplots.code.tex
(C:\Users\Enrique A. Raudales\AppData\Local\Programs\MiKTeX\tex/generic/pgfplot
s\pgfplotscore.code.tex
\t@pgfplots@toka=\toks31
\t@pgfplots@tokb=\toks32
\t@pgfplots@tokc=\toks33
\pgfplots@tmpa=\dimen193
\c@pgfplots@coordindex=\count285
\c@pgfplots@scanlineindex=\count286

(C:\Users\Enrique A. Raudales\AppData\Local\Programs\MiKTeX\tex/generic/pgfplot
s/sys\pgfplotssysgeneric.code.tex))
(C:\Users\Enrique A. Raudales\AppData\Local\Programs\MiKTeX\tex/generic/pgfplot
s/libs\pgfplotslibrary.code.tex)
(C:\Users\Enrique A. Raudales\AppData\Local\Programs\MiKTeX\tex/generic/pgfplot
s/oldpgfcompatib\pgfplotsoldpgfsupp_loader.code.tex
(C:\Users\Enrique A. Raudales\AppData\Local\Programs\MiKTeX\tex/generic/pgf/lib
raries\pgflibraryfpu.code.tex)
Package pgfplots: loading complementary utilities for your pgf version...
\t@pgf@toka=\toks34
\t@pgf@tokb=\toks35
\t@pgf@tokc=\toks36

(C:\Users\Enrique A. Raudales\AppData\Local\Programs\MiKTeX\tex/generic/pgfplot
s/oldpgfcompatib\pgfplotsoldpgfsupp_pgfutil-common-lists.tex))
(C:\Users\Enrique A. Raudales\AppData\Local\Programs\MiKTeX\tex/generic/pgfplot
s/util\pgfplotsutil.code.tex
(C:\Users\Enrique A. Raudales\AppData\Local\Programs\MiKTeX\tex/generic/pgfplot
s/liststructure\pgfplotsliststructure.code.tex)
(C:\Users\Enrique A. Raudales\AppData\Local\Programs\MiKTeX\tex/generic/pgfplot
s/liststructure\pgfplotsliststructureext.code.tex)
(C:\Users\Enrique A. Raudales\AppData\Local\Programs\MiKTeX\tex/generic/pgfplot
s/liststructure\pgfplotsarray.code.tex
\c@pgfplotsarray@tmp=\count287
)
(C:\Users\Enrique A. Raudales\AppData\Local\Programs\MiKTeX\tex/generic/pgfplot
s/liststructure\pgfplotsmatrix.code.tex)
(C:\Users\Enrique A. Raudales\AppData\Local\Programs\MiKTeX\tex/generic/pgfplot
s/numtable\pgfplotstableshared.code.tex
\c@pgfplotstable@counta=\count288
\t@pgfplotstable@a=\toks37
)
(C:\Users\Enrique A. Raudales\AppData\Local\Programs\MiKTeX\tex/generic/pgfplot
s/liststructure\pgfplotsdeque.code.tex)
(C:\Users\Enrique A. Raudales\AppData\Local\Programs\MiKTeX\tex/generic/pgfplot
s/util\pgfplotsbinary.code.tex
(C:\Users\Enrique A. Raudales\AppData\Local\Programs\MiKTeX\tex/generic/pgfplot
s/util\pgfplotsbinary.data.code.tex))
(C:\Users\Enrique A. Raudales\AppData\Local\Programs\MiKTeX\tex/generic/pgfplot
s/util\pgfplotsutil.verb.code.tex)
(C:\Users\Enrique A. Raudales\AppData\Local\Programs\MiKTeX\tex/generic/pgfplot
s/libs\pgflibrarypgfplots.surfshading.code.tex
\c@pgfplotslibrarysurf@no=\count289

(C:\Users\Enrique A. Raudales\AppData\Local\Programs\MiKTeX\tex/generic/pgfplot
s/sys\pgflibrarypgfplots.surfshading.pgfsys-pdftex.def)))
(C:\Users\Enrique A. Raudales\AppData\Local\Programs\MiKTeX\tex/generic/pgfplot
s/util\pgfplotscolormap.code.tex
(C:\Users\Enrique A. Raudales\AppData\Local\Programs\MiKTeX\tex/generic/pgfplot
s/util\pgfplotscolor.code.tex))
(C:\Users\Enrique A. Raudales\AppData\Local\Programs\MiKTeX\tex/generic/pgfplot
s\pgfplotsstackedplots.code.tex)
(C:\Users\Enrique A. Raudales\AppData\Local\Programs\MiKTeX\tex/generic/pgfplot
s\pgfplotsplothandlers.code.tex
(C:\Users\Enrique A. Raudales\AppData\Local\Programs\MiKTeX\tex/generic/pgfplot
s\pgfplotsmeshplothandler.code.tex
(C:\Users\Enrique A. Raudales\AppData\Local\Programs\MiKTeX\tex/generic/pgfplot
s\pgfplotsmeshplotimage.code.tex)))
(C:\Users\Enrique A. Raudales\AppData\Local\Programs\MiKTeX\tex/generic/pgfplot
s\pgfplots.scaling.code.tex)
(C:\Users\Enrique A. Raudales\AppData\Local\Programs\MiKTeX\tex/generic/pgfplot
s\pgfplotscoordprocessing.code.tex)
(C:\Users\Enrique A. Raudales\AppData\Local\Programs\MiKTeX\tex/generic/pgfplot
s\pgfplots.errorbars.code.tex)
(C:\Users\Enrique A. Raudales\AppData\Local\Programs\MiKTeX\tex/generic/pgfplot
s\pgfplots.markers.code.tex)
(C:\Users\Enrique A. Raudales\AppData\Local\Programs\MiKTeX\tex/generic/pgfplot
s\pgfplotsticks.code.tex)
(C:\Users\Enrique A. Raudales\AppData\Local\Programs\MiKTeX\tex/generic/pgfplot
s\pgfplots.paths.code.tex)
(C:\Users\Enrique A. Raudales\AppData\Local\Programs\MiKTeX\tex/generic/pgf/fro
ntendlayer/tikz/libraries\tikzlibrarydecorations.code.tex
(C:\Users\Enrique A. Raudales\AppData\Local\Programs\MiKTeX\tex/generic/pgf/mod
ules\pgfmoduledecorations.code.tex
\pgfdecoratedcompleteddistance=\dimen194
\pgfdecoratedremainingdistance=\dimen195
\pgfdecoratedinputsegmentcompleteddistance=\dimen196
\pgfdecoratedinputsegmentremainingdistance=\dimen197
\pgf@decorate@distancetomove=\dimen198
\pgf@decorate@repeatstate=\count290
\pgfdecorationsegmentamplitude=\dimen199
\pgfdecorationsegmentlength=\dimen256
)
\tikz@lib@dec@box=\box63
)
(C:\Users\Enrique A. Raudales\AppData\Local\Programs\MiKTeX\tex/generic/pgf/fro
ntendlayer/tikz/libraries\tikzlibrarydecorations.pathmorphing.code.tex
(C:\Users\Enrique A. Raudales\AppData\Local\Programs\MiKTeX\tex/generic/pgf/lib
raries/decorations\pgflibrarydecorations.pathmorphing.code.tex))
(C:\Users\Enrique A. Raudales\AppData\Local\Programs\MiKTeX\tex/generic/pgf/fro
ntendlayer/tikz/libraries\tikzlibrarydecorations.pathreplacing.code.tex
(C:\Users\Enrique A. Raudales\AppData\Local\Programs\MiKTeX\tex/generic/pgf/lib
raries/decorations\pgflibrarydecorations.pathreplacing.code.tex))
(C:\Users\Enrique A. Raudales\AppData\Local\Programs\MiKTeX\tex/generic/pgfplot
s/libs\tikzlibrarypgfplots.contourlua.code.tex)
\pgfplots@numplots=\count291
\pgfplots@xmin@reg=\dimen257
\pgfplots@xmax@reg=\dimen258
\pgfplots@ymin@reg=\dimen259
\pgfplots@ymax@reg=\dimen260
\pgfplots@zmin@reg=\dimen261
\pgfplots@zmax@reg=\dimen262
)
(C:\Users\Enrique A. Raudales\AppData\Local\Programs\MiKTeX\tex/generic/pgf/fro
ntendlayer/tikz/libraries\tikzlibraryplotmarks.code.tex
File: tikzlibraryplotmarks.code.tex 2023-01-15 v3.1.10 (3.1.10)

(C:\Users\Enrique A. Raudales\AppData\Local\Programs\MiKTeX\tex/generic/pgf/lib
raries\pgflibraryplotmarks.code.tex
File: pgflibraryplotmarks.code.tex 2023-01-15 v3.1.10 (3.1.10)
)))
(C:\Users\Enrique A. Raudales\AppData\Local\Programs\MiKTeX\tex/latex/l3backend
\l3backend-pdftex.def
File: l3backend-pdftex.def 2024-01-04 L3 backend support: PDF output (pdfTeX)
\l__color_backend_stack_int=\count292
\l__pdf_internal_box=\box64
)

LaTeX Warning: Unused global option(s):
    [standalone].

(week1_vrs4.aux)
\openout1 = `week1_vrs4.aux'.

LaTeX Font Info:    Checking defaults for OML/cmm/m/it on input line 5.
LaTeX Font Info:    ... okay on input line 5.
LaTeX Font Info:    Checking defaults for OMS/cmsy/m/n on input line 5.
LaTeX Font Info:    ... okay on input line 5.
LaTeX Font Info:    Checking defaults for OT1/cmr/m/n on input line 5.
LaTeX Font Info:    ... okay on input line 5.
LaTeX Font Info:    Checking defaults for T1/cmr/m/n on input line 5.
LaTeX Font Info:    ... okay on input line 5.
LaTeX Font Info:    Checking defaults for TS1/cmr/m/n on input line 5.
LaTeX Font Info:    ... okay on input line 5.
LaTeX Font Info:    Checking defaults for OMX/cmex/m/n on input line 5.
LaTeX Font Info:    ... okay on input line 5.
LaTeX Font Info:    Checking defaults for U/cmr/m/n on input line 5.
LaTeX Font Info:    ... okay on input line 5.

(C:\Users\Enrique A. Raudales\AppData\Local\Programs\MiKTeX\tex/context/base/mk
ii\supp-pdf.mkii
[Loading MPS to PDF converter (version 2006.09.02).]
\scratchcounter=\count293
\scratchdimen=\dimen263
\scratchbox=\box65
\nofMPsegments=\count294
\nofMParguments=\count295
\everyMPshowfont=\toks38
\MPscratchCnt=\count296
\MPscratchDim=\dimen264
\MPnumerator=\count297
\makeMPintoPDFobject=\count298
\everyMPtoPDFconversion=\toks39
)
(C:\Users\Enrique A. Raudales\AppData\Local\Programs\MiKTeX\tex/latex/epstopdf-
pkg\epstopdf-base.sty
Package: epstopdf-base 2020-01-24 v2.11 Base part for package epstopdf
Package epstopdf-base Info: Redefining graphics rule for `.eps' on input line 4
85.

(C:\Users\Enrique A. Raudales\AppData\Local\Programs\MiKTeX\tex/latex/00miktex\
epstopdf-sys.cfg
File: epstopdf-sys.cfg 2021/03/18 v2.0 Configuration of epstopdf for MiKTeX
))
Package pgfplots notification 'compat/show suggested version=true': you might b
enefit from \pgfplotsset{compat=1.18} (current compat level: 1.17).

LaTeX Font Info:    External font `cmex10' loaded for size
(Font)              <7> on input line 49.
LaTeX Font Info:    External font `cmex10' loaded for size
(Font)              <5> on input line 49.
[1

{C:/Users/Enrique A. Raudales/AppData/Local/MiKTeX/fonts/map/pdftex/pdftex.map}
] (week1_vrs4.aux)
 ***********
LaTeX2e <2023-11-01> patch level 1
L3 programming layer <2024-01-04>
 ***********
 ) 
Here is how much of TeX's memory you used:
 22886 strings out of 474485
 620351 string characters out of 5737090
 1950542 words of memory out of 5000000
 44846 multiletter control sequences out of 15000+600000
 558368 words of font info for 37 fonts, out of 8000000 for 9000
 1141 hyphenation exceptions out of 8191
 99i,18n,107p,733b,2163s stack positions out of 10000i,1000n,20000p,200000b,200000s
<C:/Users/Enrique A. Raudales/AppData/Local/Programs/MiKTeX/fonts/type1/publi
c/amsfonts/cm/cmr10.pfb><C:/Users/Enrique A. Raudales/AppData/Local/Programs/Mi
KTeX/fonts/type1/public/amsfonts/cm/cmr9.pfb>
Output written on week1_vrs4.pdf (1 page, 37203 bytes).
PDF statistics:
 19 PDF objects out of 1000 (max. 8388607)
 0 named destinations out of 1000 (max. 500000)
 13 words of extra memory for PDF output out of 10000 (max. 10000000)

