\BOOKMARK [0][-]{chapter.1}{\376\377\000C\000o\000n\000d\000u\000c\000t\000o\000r\000\040\000H\000e\000a\000t\000i\000n\000g\000\040\000A\000n\000a\000l\000y\000s\000i\000s}{}% 1
\BOOKMARK [1][-]{section.1.1}{\376\377\000I\000n\000t\000r\000o\000d\000u\000c\000t\000i\000o\000n}{chapter.1}% 2
\BOOKMARK [1][-]{section.1.2}{\376\377\000M\000e\000t\000h\000o\000d\000o\000l\000o\000g\000y}{chapter.1}% 3
\BOOKMARK [2][-]{subsection.1.2.1}{\376\377\000S\000t\000e\000a\000d\000y\000-\000S\000t\000a\000t\000e\000\040\000A\000n\000a\000l\000y\000s\000i\000s}{section.1.2}% 4
\BOOKMARK [2][-]{subsection.1.2.2}{\376\377\000T\000r\000a\000n\000s\000i\000e\000n\000t\000\040\000A\000n\000a\000l\000y\000s\000i\000s}{section.1.2}% 5
\BOOKMARK [1][-]{section.1.3}{\376\377\000R\000e\000s\000u\000l\000t\000s}{chapter.1}% 6
\BOOKMARK [0][-]{chapter.2}{\376\377\000V\000o\000l\000t\000a\000g\000e\000\040\000D\000r\000o\000p\000\040\000A\000n\000a\000l\000y\000s\000i\000s}{}% 7
\BOOKMARK [1][-]{section.2.1}{\376\377\000I\000n\000t\000r\000o\000d\000u\000c\000t\000i\000o\000n}{chapter.2}% 8
\BOOKMARK [1][-]{section.2.2}{\376\377\000M\000e\000t\000h\000o\000d\000o\000l\000o\000g\000y}{chapter.2}% 9
\BOOKMARK [2][-]{subsection.2.2.1}{\376\377\000B\000l\000o\000n\000d\000e\000l\000\040\000F\000o\000r\000m\000u\000l\000a}{section.2.2}% 10
\BOOKMARK [2][-]{subsection.2.2.2}{\376\377\000A\000C\000\040\000R\000e\000s\000i\000s\000t\000a\000n\000c\000e}{section.2.2}% 11
\BOOKMARK [2][-]{subsection.2.2.3}{\376\377\000I\000n\000s\000t\000a\000l\000l\000a\000t\000i\000o\000n\000\040\000A\000n\000a\000l\000y\000s\000i\000s}{section.2.2}% 12
\BOOKMARK [1][-]{section.2.3}{\376\377\000R\000e\000s\000u\000l\000t\000s}{chapter.2}% 13
\BOOKMARK [0][-]{chapter.3}{\376\377\000C\000o\000n\000d\000u\000c\000t\000o\000r\000\040\000C\000r\000o\000s\000s\000-\000S\000e\000c\000t\000i\000o\000n\000\040\000S\000i\000z\000i\000n\000g}{}% 14
\BOOKMARK [1][-]{section.3.1}{\376\377\000I\000n\000t\000r\000o\000d\000u\000c\000t\000i\000o\000n}{chapter.3}% 15
\BOOKMARK [1][-]{section.3.2}{\376\377\000M\000e\000t\000h\000o\000d\000o\000l\000o\000g\000y}{chapter.3}% 16
\BOOKMARK [2][-]{subsection.3.2.1}{\376\377\000T\000e\000c\000h\000n\000i\000c\000a\000l\000\040\000S\000i\000z\000i\000n\000g}{section.3.2}% 17
\BOOKMARK [2][-]{subsection.3.2.2}{\376\377\000E\000c\000o\000n\000o\000m\000i\000c\000\040\000O\000p\000t\000i\000m\000i\000z\000a\000t\000i\000o\000n}{section.3.2}% 18
\BOOKMARK [1][-]{section.3.3}{\376\377\000R\000e\000s\000u\000l\000t\000s}{chapter.3}% 19
\BOOKMARK [0][-]{appendix.A}{\376\377\000R\000e\000f\000e\000r\000e\000n\000c\000e\000s}{}% 20
\BOOKMARK [0][-]{appendix.B}{\376\377\000M\000a\000t\000e\000r\000i\000a\000l\000\040\000a\000n\000d\000\040\000A\000s\000s\000u\000m\000e\000d\000\040\000P\000r\000o\000p\000e\000r\000t\000i\000e\000s}{}% 21
\BOOKMARK [0][-]{appendix.C}{\376\377\000L\000i\000s\000t\000\040\000o\000f\000\040\000F\000o\000r\000m\000u\000l\000a\000s}{}% 22
\BOOKMARK [0][-]{appendix.D}{\376\377\000M\000A\000T\000L\000A\000B\000\040\000C\000o\000d\000e}{}% 23
\BOOKMARK [1][-]{section.D.1}{\376\377\000P\000r\000o\000j\000e\000c\000t\000S\000e\000l\000e\000c\000t\000o\000r\000.\000m}{appendix.D}% 24
\BOOKMARK [1][-]{section.D.2}{\376\377\000A\0001\000\137\000C\000o\000n\000d\000u\000c\000t\000o\000r\000H\000e\000a\000t\000i\000n\000g\000A\000n\000a\000l\000y\000s\000i\000s\000.\000m}{appendix.D}% 25
\BOOKMARK [1][-]{section.D.3}{\376\377\000A\0002\000\137\000M\000a\000x\000i\000m\000u\000m\000C\000u\000r\000r\000e\000n\000t\000.\000m}{appendix.D}% 26
\BOOKMARK [1][-]{section.D.4}{\376\377\000A\0003\000\137\000R\000e\000s\000i\000s\000t\000a\000n\000c\000e\000T\000e\000m\000p\000e\000r\000a\000t\000u\000r\000e\000C\000o\000r\000r\000e\000c\000t\000i\000o\000n\000.\000m}{appendix.D}% 27
\BOOKMARK [1][-]{section.D.5}{\376\377\000A\0003\000b\000\137\000A\000C\000\137\000R\000e\000s\000i\000s\000t\000a\000n\000c\000e\000\137\000F\000a\000c\000t\000o\000r\000.\000m}{appendix.D}% 28
\BOOKMARK [1][-]{section.D.6}{\376\377\000A\0004\000\137\000T\000h\000e\000r\000m\000a\000l\000E\000q\000u\000i\000l\000i\000b\000r\000i\000u\000m\000.\000m}{appendix.D}% 29
\BOOKMARK [1][-]{section.D.7}{\376\377\000A\0005\000\137\000H\000e\000a\000t\000i\000n\000g\000C\000u\000r\000v\000e\000s\000.\000m}{appendix.D}% 30
\BOOKMARK [1][-]{section.D.8}{\376\377\000A\0006\000\137\000T\000r\000a\000n\000s\000i\000e\000n\000t\000H\000e\000a\000t\000i\000n\000g\000.\000m}{appendix.D}% 31
\BOOKMARK [1][-]{section.D.9}{\376\377\000A\0007\000\137\000H\000e\000a\000t\000D\000i\000s\000s\000i\000p\000a\000t\000i\000o\000n\000.\000m}{appendix.D}% 32
\BOOKMARK [1][-]{section.D.10}{\376\377\000B\0001\000\137\000V\000o\000l\000t\000a\000g\000e\000D\000r\000o\000p\000A\000n\000a\000l\000y\000s\000i\000s\000.\000m}{appendix.D}% 33
\BOOKMARK [1][-]{section.D.11}{\376\377\000C\0001\000\137\000C\000o\000n\000d\000u\000c\000t\000o\000r\000S\000i\000z\000i\000n\000g\000A\000n\000a\000l\000y\000s\000i\000s\000.\000m}{appendix.D}% 34
\BOOKMARK [1][-]{section.D.12}{\376\377\000c\000e\000n\000t\000e\000r\000e\000d\000M\000e\000n\000u\000.\000m}{appendix.D}% 35
