\BOOKMARK [1][-]{section.1}{\376\377\000A\000n\000a\000l\000y\000s\000i\000s\000\040\000o\000f\000\040\000R\000a\000d\000i\000a\000l\000\040\000D\000i\000s\000t\000r\000i\000b\000u\000t\000i\000o\000n\000\040\000N\000e\000t\000w\000o\000r\000k\000s}{}% 1
\BOOKMARK [2][-]{subsection.1.1}{\376\377\000O\000v\000e\000r\000v\000i\000e\000w}{section.1}% 2
\BOOKMARK [2][-]{subsection.1.2}{\376\377\000D\000e\000s\000i\000g\000n\000\040\000a\000n\000d\000\040\000C\000a\000l\000c\000u\000l\000a\000t\000i\000o\000n\000\040\000M\000e\000t\000h\000o\000d\000s}{section.1}% 3
\BOOKMARK [2][-]{subsection.1.3}{\376\377\000U\000n\000i\000f\000i\000l\000a\000r\000\040\000D\000i\000a\000g\000r\000a\000m\000\040\000a\000n\000d\000\040\000C\000h\000a\000r\000a\000c\000t\000e\000r\000i\000s\000t\000i\000c\000\040\000P\000r\000o\000f\000i\000l\000e\000s}{section.1}% 4
\BOOKMARK [1][-]{section.2}{\376\377\000A\000n\000a\000l\000y\000s\000i\000s\000\040\000o\000f\000\040\000N\000e\000t\000w\000o\000r\000k\000s\000\040\000F\000e\000d\000\040\000f\000r\000o\000m\000\040\000B\000o\000t\000h\000\040\000E\000n\000d\000s}{}% 5
\BOOKMARK [2][-]{subsection.2.1}{\376\377\000T\000h\000e\000o\000r\000e\000t\000i\000c\000a\000l\000\040\000F\000r\000a\000m\000e\000w\000o\000r\000k}{section.2}% 6
\BOOKMARK [2][-]{subsection.2.2}{\376\377\000C\000o\000m\000p\000r\000e\000h\000e\000n\000s\000i\000v\000e\000\040\000S\000i\000z\000i\000n\000g\000\040\000A\000l\000g\000o\000r\000i\000t\000h\000m}{section.2}% 7
\BOOKMARK [2][-]{subsection.2.3}{\376\377\000U\000n\000i\000f\000i\000l\000a\000r\000\040\000D\000i\000a\000g\000r\000a\000m\000\040\000a\000n\000d\000\040\000C\000h\000a\000r\000a\000c\000t\000e\000r\000i\000s\000t\000i\000c\000\040\000P\000r\000o\000f\000i\000l\000e\000s}{section.2}% 8
\BOOKMARK [1][-]{section.3}{\376\377\000A\000n\000a\000l\000y\000s\000i\000s\000\040\000o\000f\000\040\000A\000d\000v\000a\000n\000c\000e\000d\000\040\000N\000e\000t\000w\000o\000r\000k\000\040\000T\000o\000p\000o\000l\000o\000g\000i\000e\000s}{}% 9
\BOOKMARK [2][-]{subsection.3.1}{\376\377\000R\000i\000n\000g\000\040\000N\000e\000t\000w\000o\000r\000k\000\040\000A\000n\000a\000l\000y\000s\000i\000s}{section.3}% 10
\BOOKMARK [3][-]{subsubsection.3.1.1}{\376\377\000T\000h\000e\000o\000r\000e\000t\000i\000c\000a\000l\000\040\000F\000r\000a\000m\000e\000w\000o\000r\000k\000\040\000a\000n\000d\000\040\000M\000e\000t\000h\000o\000d\000o\000l\000o\000g\000y}{subsection.3.1}% 11
\BOOKMARK [3][-]{subsubsection.3.1.2}{\376\377\000D\000i\000a\000g\000r\000a\000m\000s\000\040\000a\000n\000d\000\040\000V\000o\000l\000t\000a\000g\000e\000\040\000P\000r\000o\000f\000i\000l\000e}{subsection.3.1}% 12
\BOOKMARK [2][-]{subsection.3.2}{\376\377\000M\000e\000s\000h\000e\000d\000\040\000N\000e\000t\000w\000o\000r\000k\000\040\000A\000n\000a\000l\000y\000s\000i\000s}{section.3}% 13
\BOOKMARK [3][-]{subsubsection.3.2.1}{\376\377\000T\000h\000e\000o\000r\000e\000t\000i\000c\000a\000l\000\040\000F\000r\000a\000m\000e\000w\000o\000r\000k\000\040\000a\000n\000d\000\040\000M\000e\000t\000h\000o\000d\000o\000l\000o\000g\000y}{subsection.3.2}% 14
\BOOKMARK [3][-]{subsubsection.3.2.2}{\376\377\000D\000i\000a\000g\000r\000a\000m\000s\000\040\000a\000n\000d\000\040\000V\000o\000l\000t\000a\000g\000e\000\040\000P\000r\000o\000f\000i\000l\000e}{subsection.3.2}% 15
\BOOKMARK [1][-]{section.4}{\376\377\000E\000c\000o\000n\000o\000m\000i\000c\000\040\000C\000o\000m\000p\000a\000r\000i\000s\000o\000n\000\040\000o\000f\000\040\000N\000e\000t\000w\000o\000r\000k\000\040\000T\000o\000p\000o\000l\000o\000g\000i\000e\000s}{}% 16
\BOOKMARK [1][-]{appendix.A}{\376\377\000A\000n\000n\000e\000x\000\040\000I\000:\000\040\000R\000e\000f\000e\000r\000e\000n\000c\000e\000s}{}% 17
\BOOKMARK [2][-]{subsection.A.1}{\376\377\000N\000o\000r\000m\000a\000t\000i\000v\000e\000\040\000R\000e\000f\000e\000r\000e\000n\000c\000e\000s}{appendix.A}% 18
\BOOKMARK [2][-]{subsection.A.2}{\376\377\000A\000c\000a\000d\000e\000m\000i\000c\000\040\000R\000e\000f\000e\000r\000e\000n\000c\000e\000s}{appendix.A}% 19
\BOOKMARK [1][-]{appendix.B}{\376\377\000A\000n\000n\000e\000x\000\040\000I\000I\000:\000\040\000D\000a\000t\000a\000\040\000T\000a\000b\000l\000e\000s}{}% 20
\BOOKMARK [2][-]{subsection.B.1}{\376\377\000M\000a\000t\000e\000r\000i\000a\000l\000\040\000P\000r\000o\000p\000e\000r\000t\000i\000e\000s}{appendix.B}% 21
\BOOKMARK [2][-]{subsection.B.2}{\376\377\000A\000s\000s\000u\000m\000e\000d\000\040\000E\000c\000o\000n\000o\000m\000i\000c\000\040\000V\000a\000l\000u\000e\000s}{appendix.B}% 22
\BOOKMARK [2][-]{subsection.B.3}{\376\377\000L\000i\000s\000t\000\040\000o\000f\000\040\000V\000a\000r\000i\000a\000b\000l\000e\000s}{appendix.B}% 23
\BOOKMARK [1][-]{appendix.C}{\376\377\000A\000n\000n\000e\000x\000\040\000I\000I\000I\000:\000\040\000F\000o\000r\000m\000u\000l\000a\000s}{}% 24
\BOOKMARK [2][-]{subsection.C.1}{\376\377\000S\000i\000z\000i\000n\000g\000\040\000b\000y\000\040\000V\000o\000l\000t\000a\000g\000e\000\040\000D\000r\000o\000p}{appendix.C}% 25
\BOOKMARK [2][-]{subsection.C.2}{\376\377\000S\000i\000z\000i\000n\000g\000\040\000b\000y\000\040\000M\000a\000x\000i\000m\000u\000m\000\040\000C\000u\000r\000r\000e\000n\000t\000\040\000\050\000T\000h\000e\000r\000m\000a\000l\000\040\000L\000i\000m\000i\000t\000\051}{appendix.C}% 26
\BOOKMARK [1][-]{appendix.D}{\376\377\000A\000n\000n\000e\000x\000\040\000I\000V\000:\000\040\000W\000e\000e\000k\000\040\0003\000\040\000M\000A\000T\000L\000A\000B\000\040\000C\000o\000d\000e}{}% 27
\BOOKMARK [2][-]{subsection.D.1}{\376\377\000M\000o\000d\000u\000l\000e\000\040\000H\000:\000\040\000R\000a\000d\000i\000a\000l\000\040\000N\000e\000t\000w\000o\000r\000k\000\040\000A\000n\000a\000l\000y\000s\000i\000s}{appendix.D}% 28
\BOOKMARK [2][-]{subsection.D.2}{\376\377\000M\000o\000d\000u\000l\000e\000\040\000I\000:\000\040\000D\000u\000a\000l\000-\000F\000e\000d\000\040\000N\000e\000t\000w\000o\000r\000k\000\040\000A\000n\000a\000l\000y\000s\000i\000s}{appendix.D}% 29
\BOOKMARK [2][-]{subsection.D.3}{\376\377\000M\000o\000d\000u\000l\000e\000\040\000J\000:\000\040\000R\000i\000n\000g\000\040\000a\000n\000d\000\040\000M\000e\000s\000h\000e\000d\000\040\000N\000e\000t\000w\000o\000r\000k\000\040\000A\000n\000a\000l\000y\000s\000i\000s}{appendix.D}% 30
\BOOKMARK [2][-]{subsection.D.4}{\376\377\000M\000o\000d\000u\000l\000e\000\040\000J\000:\000\040\000N\000e\000t\000w\000o\000r\000k\000\040\000C\000o\000m\000p\000a\000r\000i\000s\000o\000n\000\040\000T\000o\000o\000l\000s}{appendix.D}% 31
\BOOKMARK [2][-]{subsection.D.5}{\376\377\000M\000a\000s\000t\000e\000r\000\040\000S\000c\000r\000i\000p\000t}{appendix.D}% 32
